Archive member included because of file (symbol)

c:/program files/atmel/studio/7.0/toolchain/arm/arm-gnu-toolchain/bin/../lib/gcc/arm-none-eabi/4.9.3/../../../../arm-none-eabi/lib/armv7e-m\libc.a(lib_a-atoi.o)
                              src/main.o (atoi)
c:/program files/atmel/studio/7.0/toolchain/arm/arm-gnu-toolchain/bin/../lib/gcc/arm-none-eabi/4.9.3/../../../../arm-none-eabi/lib/armv7e-m\libc.a(lib_a-exit.o)
                              c:/program files/atmel/studio/7.0/toolchain/arm/arm-gnu-toolchain/bin/../lib/gcc/arm-none-eabi/4.9.3/../../../../arm-none-eabi/lib/armv7e-m/crt0.o (exit)
c:/program files/atmel/studio/7.0/toolchain/arm/arm-gnu-toolchain/bin/../lib/gcc/arm-none-eabi/4.9.3/../../../../arm-none-eabi/lib/armv7e-m\libc.a(lib_a-impure.o)
                              c:/program files/atmel/studio/7.0/toolchain/arm/arm-gnu-toolchain/bin/../lib/gcc/arm-none-eabi/4.9.3/../../../../arm-none-eabi/lib/armv7e-m\libc.a(lib_a-exit.o) (_global_impure_ptr)
c:/program files/atmel/studio/7.0/toolchain/arm/arm-gnu-toolchain/bin/../lib/gcc/arm-none-eabi/4.9.3/../../../../arm-none-eabi/lib/armv7e-m\libc.a(lib_a-init.o)
                              c:/program files/atmel/studio/7.0/toolchain/arm/arm-gnu-toolchain/bin/../lib/gcc/arm-none-eabi/4.9.3/../../../../arm-none-eabi/lib/armv7e-m/crt0.o (__libc_init_array)
c:/program files/atmel/studio/7.0/toolchain/arm/arm-gnu-toolchain/bin/../lib/gcc/arm-none-eabi/4.9.3/../../../../arm-none-eabi/lib/armv7e-m\libc.a(lib_a-iprintf.o)
                              src/ASF/sam/utils/syscalls/gcc/syscalls.o (iprintf)
c:/program files/atmel/studio/7.0/toolchain/arm/arm-gnu-toolchain/bin/../lib/gcc/arm-none-eabi/4.9.3/../../../../arm-none-eabi/lib/armv7e-m\libc.a(lib_a-memset.o)
                              c:/program files/atmel/studio/7.0/toolchain/arm/arm-gnu-toolchain/bin/../lib/gcc/arm-none-eabi/4.9.3/../../../../arm-none-eabi/lib/armv7e-m/crt0.o (memset)
c:/program files/atmel/studio/7.0/toolchain/arm/arm-gnu-toolchain/bin/../lib/gcc/arm-none-eabi/4.9.3/../../../../arm-none-eabi/lib/armv7e-m\libc.a(lib_a-puts.o)
                              src/main.o (puts)
c:/program files/atmel/studio/7.0/toolchain/arm/arm-gnu-toolchain/bin/../lib/gcc/arm-none-eabi/4.9.3/../../../../arm-none-eabi/lib/armv7e-m\libc.a(lib_a-setbuf.o)
                              src/main.o (setbuf)
c:/program files/atmel/studio/7.0/toolchain/arm/arm-gnu-toolchain/bin/../lib/gcc/arm-none-eabi/4.9.3/../../../../arm-none-eabi/lib/armv7e-m\libc.a(lib_a-setvbuf.o)
                              c:/program files/atmel/studio/7.0/toolchain/arm/arm-gnu-toolchain/bin/../lib/gcc/arm-none-eabi/4.9.3/../../../../arm-none-eabi/lib/armv7e-m\libc.a(lib_a-setbuf.o) (setvbuf)
c:/program files/atmel/studio/7.0/toolchain/arm/arm-gnu-toolchain/bin/../lib/gcc/arm-none-eabi/4.9.3/../../../../arm-none-eabi/lib/armv7e-m\libc.a(lib_a-strlen.o)
                              c:/program files/atmel/studio/7.0/toolchain/arm/arm-gnu-toolchain/bin/../lib/gcc/arm-none-eabi/4.9.3/../../../../arm-none-eabi/lib/armv7e-m\libc.a(lib_a-puts.o) (strlen)
c:/program files/atmel/studio/7.0/toolchain/arm/arm-gnu-toolchain/bin/../lib/gcc/arm-none-eabi/4.9.3/../../../../arm-none-eabi/lib/armv7e-m\libc.a(lib_a-strtol.o)
                              c:/program files/atmel/studio/7.0/toolchain/arm/arm-gnu-toolchain/bin/../lib/gcc/arm-none-eabi/4.9.3/../../../../arm-none-eabi/lib/armv7e-m\libc.a(lib_a-atoi.o) (_strtol_r)
c:/program files/atmel/studio/7.0/toolchain/arm/arm-gnu-toolchain/bin/../lib/gcc/arm-none-eabi/4.9.3/../../../../arm-none-eabi/lib/armv7e-m\libc.a(lib_a-vfiprintf.o)
                              c:/program files/atmel/studio/7.0/toolchain/arm/arm-gnu-toolchain/bin/../lib/gcc/arm-none-eabi/4.9.3/../../../../arm-none-eabi/lib/armv7e-m\libc.a(lib_a-iprintf.o) (_vfiprintf_r)
c:/program files/atmel/studio/7.0/toolchain/arm/arm-gnu-toolchain/bin/../lib/gcc/arm-none-eabi/4.9.3/../../../../arm-none-eabi/lib/armv7e-m\libc.a(lib_a-wsetup.o)
                              c:/program files/atmel/studio/7.0/toolchain/arm/arm-gnu-toolchain/bin/../lib/gcc/arm-none-eabi/4.9.3/../../../../arm-none-eabi/lib/armv7e-m\libc.a(lib_a-vfiprintf.o) (__swsetup_r)
c:/program files/atmel/studio/7.0/toolchain/arm/arm-gnu-toolchain/bin/../lib/gcc/arm-none-eabi/4.9.3/../../../../arm-none-eabi/lib/armv7e-m\libc.a(lib_a-__call_atexit.o)
                              c:/program files/atmel/studio/7.0/toolchain/arm/arm-gnu-toolchain/bin/../lib/gcc/arm-none-eabi/4.9.3/../../../../arm-none-eabi/lib/armv7e-m\libc.a(lib_a-exit.o) (__call_exitprocs)
c:/program files/atmel/studio/7.0/toolchain/arm/arm-gnu-toolchain/bin/../lib/gcc/arm-none-eabi/4.9.3/../../../../arm-none-eabi/lib/armv7e-m\libc.a(lib_a-atexit.o)
                              c:/program files/atmel/studio/7.0/toolchain/arm/arm-gnu-toolchain/bin/../lib/gcc/arm-none-eabi/4.9.3/../../../../arm-none-eabi/lib/armv7e-m\libc.a(lib_a-__call_atexit.o) (atexit)
[...]
Memory Configuration

Name             Origin             Length             Attributes
rom              0x00400000         0x00200000         xr
ram              0x20000000         0x00028000         xrw
*default*        0x00000000         0xffffffff

Linker script and memory map

LOAD c:/program files/atmel/studio/7.0/toolchain/arm/arm-gnu-toolchain/bin/../lib/gcc/arm-none-eabi/4.9.3/armv7e-m/crti.o
LOAD c:/program files/atmel/studio/7.0/toolchain/arm/arm-gnu-toolchain/bin/../lib/gcc/arm-none-eabi/4.9.3/armv7e-m/crtbegin.o
LOAD c:/program files/atmel/studio/7.0/toolchain/arm/arm-gnu-toolchain/bin/../lib/gcc/arm-none-eabi/4.9.3/../../../../arm-none-eabi/lib/armv7e-m/crt0.o
LOAD src/ASF/common/services/delay/sam/cycle_counter.o
LOAD src/ASF/common/services/clock/sam4s/sysclk.o
LOAD src/ASF/common/services/serial/usart_serial.o
LOAD src/ASF/common/utils/interrupt/interrupt_sam_nvic.o
LOAD src/ASF/common/utils/stdio/read.o
LOAD src/ASF/common/utils/stdio/write.o
LOAD src/ASF/sam/boards/sam4s_ek2/init.o
LOAD src/ASF/sam/boards/sam4s_ek2/led.o
LOAD src/ASF/sam/drivers/pio/pio.o
LOAD src/ASF/sam/drivers/pio/pio_handler.o
LOAD src/ASF/sam/drivers/pmc/pmc.o
LOAD src/ASF/sam/drivers/pmc/sleep.o
LOAD src/ASF/sam/drivers/tc/tc.o
LOAD src/ASF/sam/drivers/uart/uart.o
LOAD src/ASF/sam/drivers/usart/usart.o
LOAD src/ASF/sam/utils/cmsis/sam4s/source/templates/gcc/startup_sam4s.o
LOAD src/ASF/sam/utils/cmsis/sam4s/source/templates/system_sam4s.o
LOAD src/ASF/sam/utils/syscalls/gcc/syscalls.o
LOAD src/main.o
START GROUP
LOAD ../src/ASF/thirdparty/CMSIS/Lib/GCC\libarm_cortexM4l_math.a
LOAD c:/program files/atmel/studio/7.0/toolchain/arm/arm-gnu-toolchain/bin/../lib/gcc/arm-none-eabi/4.9.3/../../../../arm-none-eabi/lib/armv7e-m\libm.a
END GROUP
START GROUP
LOAD c:/program files/atmel/studio/7.0/toolchain/arm/arm-gnu-toolchain/bin/../lib/gcc/arm-none-eabi/4.9.3/armv7e-m\libgcc.a
LOAD c:/program files/atmel/studio/7.0/toolchain/arm/arm-gnu-toolchain/bin/../lib/gcc/arm-none-eabi/4.9.3/../../../../arm-none-eabi/lib/armv7e-m\libc.a
END GROUP
LOAD c:/program files/atmel/studio/7.0/toolchain/arm/arm-gnu-toolchain/bin/../lib/gcc/arm-none-eabi/4.9.3/armv7e-m/crtend.o
LOAD c:/program files/atmel/studio/7.0/toolchain/arm/arm-gnu-toolchain/bin/../lib/gcc/arm-none-eabi/4.9.3/armv7e-m/crtn.o
                0x00003000                __stack_size__ = DEFINED (__stack_size__)?__stack_size__:0x3000
                0x20027ffc                __ram_end__ = ((ORIGIN (ram) + 0x28000) - 0x4)

.text           0x00400000     0x537c
                0x00400000                . = ALIGN (0x4)
                0x00400000                _sfixed = .
 *(.vectors .vectors.*)
 .vectors       0x00400000       0xcc src/ASF/sam/utils/cmsis/sam4s/source/templates/gcc/startup_sam4s.o
                0x00400000                exception_table
 *(.text .text.* .gnu.linkonce.t.*)
 .text          0x004000cc       0x5c c:/program files/atmel/studio/7.0/toolchain/arm/arm-gnu-toolchain/bin/../lib/gcc/arm-none-eabi/4.9.3/armv7e-m/crtbegin.o
 .text.osc_enable
                0x00400128       0x84 src/ASF/common/services/clock/sam4s/sysclk.o
 .text.osc_is_ready
                0x004001ac       0x70 src/ASF/common/services/clock/sam4s/sysclk.o
 .text.osc_get_rate
                0x0040021c       0x74 src/ASF/common/services/clock/sam4s/sysclk.o
 .text.osc_wait_ready
                0x00400290       0x2c src/ASF/common/services/clock/sam4s/sysclk.o
 .text.pll_config_init
                0x004002bc       0x54 src/ASF/common/services/clock/sam4s/sysclk.o
 .text.pll_enable
                0x00400310       0x40 src/ASF/common/services/clock/sam4s/sysclk.o
 .text.pll_is_locked
                0x00400350       0x2c src/ASF/common/services/clock/sam4s/sysclk.o
 .text.pll_enable_source
                0x0040037c       0x34 src/ASF/common/services/clock/sam4s/sysclk.o
 .text.pll_wait_for_lock
                0x004003b0       0x24 src/ASF/common/services/clock/sam4s/sysclk.o
 .text.sysclk_get_main_hz
                0x004003d4       0x1c src/ASF/common/services/clock/sam4s/sysclk.o
 .text.sysclk_get_cpu_hz
                0x004003f0       0x14 src/ASF/common/services/clock/sam4s/sysclk.o
 .text.sysclk_init
                0x00400404       0x70 src/ASF/common/services/clock/sam4s/sysclk.o
                0x00400404                sysclk_init
 .text._read    0x00400474       0x58 src/ASF/common/utils/stdio/read.o
                0x00400474                _read
 .text._write   0x004004cc       0x70 src/ASF/common/utils/stdio/write.o
                0x004004cc                _write
 .text.sysclk_enable_peripheral_clock
                0x0040053c       0x18 src/ASF/sam/boards/sam4s_ek2/init.o
 .text.ioport_init
                0x00400554       0x1c src/ASF/sam/boards/sam4s_ek2/init.o
 .text.board_init
                0x00400570       0x60 src/ASF/sam/boards/sam4s_ek2/init.o
                0x00400570                board_init
 .text.pio_pull_up
                0x004005d0       0x2c src/ASF/sam/drivers/pio/pio.o
                0x004005d0                pio_pull_up
 .text.pio_set  0x004005fc       0x1c src/ASF/sam/drivers/pio/pio.o
                0x004005fc                pio_set
 .text.pio_clear
                0x00400618       0x1c src/ASF/sam/drivers/pio/pio.o
                0x00400618                pio_clear
 .text.pio_set_peripheral
                0x00400634      0x110 src/ASF/sam/drivers/pio/pio.o
                0x00400634                pio_set_peripheral
 .text.pio_set_input
                0x00400744       0x7c src/ASF/sam/drivers/pio/pio.o
                0x00400744                pio_set_input
 .text.pio_set_output
                0x004007c0       0x64 src/ASF/sam/drivers/pio/pio.o
                0x004007c0                pio_set_output
 .text.pio_disable_interrupt
                0x00400824       0x1c src/ASF/sam/drivers/pio/pio.o
                0x00400824                pio_disable_interrupt
 .text.pio_get_interrupt_status
                0x00400840       0x18 src/ASF/sam/drivers/pio/pio.o
                0x00400840                pio_get_interrupt_status
 .text.pio_get_interrupt_mask
                0x00400858       0x18 src/ASF/sam/drivers/pio/pio.o
                0x00400858                pio_get_interrupt_mask
 .text.pio_configure_pin
                0x00400870      0x1b8 src/ASF/sam/drivers/pio/pio.o
                0x00400870                pio_configure_pin
 .text.pio_configure_pin_group
                0x00400a28      0x12c src/ASF/sam/drivers/pio/pio.o
                0x00400a28                pio_configure_pin_group
 .text.pio_get_pin_group
                0x00400b54       0x28 src/ASF/sam/drivers/pio/pio.o
                0x00400b54                pio_get_pin_group
 .text.pio_handler_process
                0x00400b7c       0xcc src/ASF/sam/drivers/pio/pio_handler.o
                0x00400b7c                pio_handler_process
 .text.PIOA_Handler
                0x00400c48       0x18 src/ASF/sam/drivers/pio/pio_handler.o
                0x00400c48                PIOA_Handler
 .text.PIOB_Handler
                0x00400c60       0x18 src/ASF/sam/drivers/pio/pio_handler.o
                0x00400c60                PIOB_Handler
 .text.PIOC_Handler
                0x00400c78       0x18 src/ASF/sam/drivers/pio/pio_handler.o
                0x00400c78                PIOC_Handler
 .text.pmc_switch_mck_to_pllack
                0x00400c90       0x84 src/ASF/sam/drivers/pmc/pmc.o
                0x00400c90                pmc_switch_mck_to_pllack
 .text.pmc_switch_sclk_to_32kxtal
                0x00400d14       0x38 src/ASF/sam/drivers/pmc/pmc.o
                0x00400d14                pmc_switch_sclk_to_32kxtal
 .text.pmc_osc_is_ready_32kxtal
                0x00400d4c       0x34 src/ASF/sam/drivers/pmc/pmc.o
                0x00400d4c                pmc_osc_is_ready_32kxtal
 .text.pmc_switch_mainck_to_fastrc
                0x00400d80       0x70 src/ASF/sam/drivers/pmc/pmc.o
                0x00400d80                pmc_switch_mainck_to_fastrc
 .text.pmc_switch_mainck_to_xtal
                0x00400df0       0x78 src/ASF/sam/drivers/pmc/pmc.o
                0x00400df0                pmc_switch_mainck_to_xtal
 .text.pmc_osc_is_ready_mainck
                0x00400e68       0x1c src/ASF/sam/drivers/pmc/pmc.o
                0x00400e68                pmc_osc_is_ready_mainck
 .text.pmc_disable_pllack
                0x00400e84       0x18 src/ASF/sam/drivers/pmc/pmc.o
                0x00400e84                pmc_disable_pllack
 .text.pmc_is_locked_pllack
                0x00400e9c       0x1c src/ASF/sam/drivers/pmc/pmc.o
                0x00400e9c                pmc_is_locked_pllack
 .text.pmc_disable_pllbck
                0x00400eb8       0x18 src/ASF/sam/drivers/pmc/pmc.o
                0x00400eb8                pmc_disable_pllbck
 .text.pmc_is_locked_pllbck
                0x00400ed0       0x1c src/ASF/sam/drivers/pmc/pmc.o
                0x00400ed0                pmc_is_locked_pllbck
 .text.pmc_enable_periph_clk
                0x00400eec       0x84 src/ASF/sam/drivers/pmc/pmc.o
                0x00400eec                pmc_enable_periph_clk
 .text.tc_init  0x00400f70       0x38 src/ASF/sam/drivers/tc/tc.o
                0x00400f70                tc_init
 .text.tc_start
                0x00400fa8       0x20 src/ASF/sam/drivers/tc/tc.o
                0x00400fa8                tc_start
 .text.tc_write_rc
                0x00400fc8       0x24 src/ASF/sam/drivers/tc/tc.o
                0x00400fc8                tc_write_rc
 .text.tc_enable_interrupt
                0x00400fec       0x28 src/ASF/sam/drivers/tc/tc.o
                0x00400fec                tc_enable_interrupt
 .text.tc_get_status
                0x00401014       0x24 src/ASF/sam/drivers/tc/tc.o
                0x00401014                tc_get_status
 .text.uart_init
                0x00401038       0x64 src/ASF/sam/drivers/uart/uart.o
                0x00401038                uart_init
 .text.uart_write
                0x0040109c       0x30 src/ASF/sam/drivers/uart/uart.o
                0x0040109c                uart_write
 .text.uart_read
                0x004010cc       0x34 src/ASF/sam/drivers/uart/uart.o
                0x004010cc                uart_read
 .text.usart_set_async_baudrate
                0x00401100       0x8c src/ASF/sam/drivers/usart/usart.o
                0x00401100                usart_set_async_baudrate
 .text.usart_reset
                0x0040118c       0x5c src/ASF/sam/drivers/usart/usart.o
                0x0040118c                usart_reset
 .text.usart_init_rs232
                0x004011e8       0x84 src/ASF/sam/drivers/usart/usart.o
                0x004011e8                usart_init_rs232
 .text.usart_enable_tx
                0x0040126c       0x18 src/ASF/sam/drivers/usart/usart.o
                0x0040126c                usart_enable_tx
 .text.usart_reset_tx
                0x00401284       0x18 src/ASF/sam/drivers/usart/usart.o
                0x00401284                usart_reset_tx
 .text.usart_enable_rx
                0x0040129c       0x18 src/ASF/sam/drivers/usart/usart.o
                0x0040129c                usart_enable_rx
 .text.usart_reset_rx
                0x004012b4       0x18 src/ASF/sam/drivers/usart/usart.o
                0x004012b4                usart_reset_rx
 .text.usart_reset_status
                0x004012cc       0x1c src/ASF/sam/drivers/usart/usart.o
                0x004012cc                usart_reset_status
 .text.usart_drive_DTR_pin_high
                0x004012e8       0x1c src/ASF/sam/drivers/usart/usart.o
                0x004012e8                usart_drive_DTR_pin_high
 .text.usart_drive_RTS_pin_high
                0x00401304       0x1c src/ASF/sam/drivers/usart/usart.o
                0x00401304                usart_drive_RTS_pin_high
 .text.usart_write
                0x00401320       0x34 src/ASF/sam/drivers/usart/usart.o
                0x00401320                usart_write
 .text.usart_read
                0x00401354       0x34 src/ASF/sam/drivers/usart/usart.o
                0x00401354                usart_read
 .text.usart_disable_writeprotect
                0x00401388       0x20 src/ASF/sam/drivers/usart/usart.o
                0x00401388                usart_disable_writeprotect
 .text.Reset_Handler
                0x004013a8       0xc8 src/ASF/sam/utils/cmsis/sam4s/source/templates/gcc/startup_sam4s.o
                0x004013a8                Reset_Handler
 .text.Dummy_Handler
                0x00401470        0x8 src/ASF/sam/utils/cmsis/sam4s/source/templates/gcc/startup_sam4s.o
                0x00401470                DACC_Handler
                0x00401470                DebugMon_Handler
                0x00401470                HardFault_Handler
                0x00401470                TC2_Handler
                0x00401470                SPI_Handler
                0x00401470                SysTick_Handler
                0x00401470                TWI1_Handler
                0x00401470                PendSV_Handler
                0x00401470                NMI_Handler
                0x00401470                ADC_Handler
                0x00401470                CRCCU_Handler
                0x00401470                USART0_Handler
                0x00401470                RTT_Handler
                0x00401470                EFC1_Handler
                0x00401470                RTC_Handler
                0x00401470                UsageFault_Handler
                0x00401470                WDT_Handler
                0x00401470                TC4_Handler
                0x00401470                TC1_Handler
                0x00401470                HSMCI_Handler
                0x00401470                UART1_Handler
                0x00401470                TC3_Handler
                0x00401470                Dummy_Handler
                0x00401470                TWI0_Handler
                0x00401470                USART1_Handler
                0x00401470                SSC_Handler
                0x00401470                EFC0_Handler
                0x00401470                ACC_Handler
                0x00401470                PMC_Handler
                0x00401470                PWM_Handler
                0x00401470                MemManage_Handler
                0x00401470                SUPC_Handler
                0x00401470                SVC_Handler
                0x00401470                UDP_Handler
                0x00401470                BusFault_Handler
                0x00401470                RSTC_Handler
                0x00401470                TC5_Handler
 .text.SystemCoreClockUpdate
                0x00401478      0x19c src/ASF/sam/utils/cmsis/sam4s/source/templates/system_sam4s.o
                0x00401478                SystemCoreClockUpdate
 .text.system_init_flash
                0x00401614       0xc0 src/ASF/sam/utils/cmsis/sam4s/source/templates/system_sam4s.o
                0x00401614                system_init_flash
 .text._sbrk    0x004016d4       0x58 src/ASF/sam/utils/syscalls/gcc/syscalls.o
                0x004016d4                _sbrk
 .text._close   0x0040172c       0x18 src/ASF/sam/utils/syscalls/gcc/syscalls.o
                0x0040172c                _close
 .text._fstat   0x00401744       0x20 src/ASF/sam/utils/syscalls/gcc/syscalls.o
                0x00401744                _fstat
 .text._isatty  0x00401764       0x18 src/ASF/sam/utils/syscalls/gcc/syscalls.o
                0x00401764                _isatty
 .text._lseek   0x0040177c       0x1c src/ASF/sam/utils/syscalls/gcc/syscalls.o
                0x0040177c                _lseek
 .text.NVIC_EnableIRQ
                0x00401798       0x30 src/main.o
 .text.osc_get_rate
                0x004017c8       0x74 src/main.o
 .text.sysclk_get_main_hz
                0x0040183c       0x1c src/main.o
 .text.sysclk_get_cpu_hz
                0x00401858       0x14 src/main.o
 .text.sysclk_get_peripheral_hz
                0x0040186c       0x14 src/main.o
 .text.sysclk_enable_peripheral_clock
                0x00401880       0x18 src/main.o
 .text.usart_serial_init
                0x00401898       0xf4 src/main.o
 .text.usart_serial_putchar
                0x0040198c       0xa8 src/main.o
 .text.usart_serial_getchar
                0x00401a34       0xa4 src/main.o
 .text.stdio_serial_init
                0x00401ad8       0x68 src/main.o
 .text.UART0_Handler
                0x00401b40       0x7c src/main.o
                0x00401b40                UART0_Handler
 .text.TC0_Handler
                0x00401bbc      0x12c src/main.o
                0x00401bbc                TC0_Handler
 .text.config_uart
                0x00401ce8       0x74 src/main.o
                0x00401ce8                config_uart
 .text.configure_tc
                0x00401d5c       0x68 src/main.o
 .text.display_menu
                0x00401dc4       0x14 src/main.o
 .text.ToGetPeriod
                0x00401dd8       0x64 src/main.o
                0x00401dd8                ToGetPeriod
 .text.main     0x00401e3c      0x17c src/main.o
                0x00401e3c                main
 .text.atoi     0x00401fb8        0x8 c:/program files/atmel/studio/7.0/toolchain/arm/arm-gnu-toolchain/bin/../lib/gcc/arm-none-eabi/4.9.3/../../../../arm-none-eabi/lib/armv7e-m\libc.a(lib_a-atoi.o)
                0x00401fb8                atoi
 .text.__libc_init_array
                0x00401fc0       0x50 c:/program files/atmel/studio/7.0/toolchain/arm/arm-gnu-toolchain/bin/../lib/gcc/arm-none-eabi/4.9.3/../../../../arm-none-eabi/lib/armv7e-m\libc.a(lib_a-init.o)
                0x00401fc0                __libc_init_array
 .text.iprintf  0x00402010       0x28 c:/program files/atmel/studio/7.0/toolchain/arm/arm-gnu-toolchain/bin/../lib/gcc/arm-none-eabi/4.9.3/../../../../arm-none-eabi/lib/armv7e-m\libc.a(lib_a-iprintf.o)
                0x00402010                iprintf
 .text.memset   0x00402038       0x9c c:/program files/atmel/studio/7.0/toolchain/arm/arm-gnu-toolchain/bin/../lib/gcc/arm-none-eabi/4.9.3/../../../../arm-none-eabi/lib/armv7e-m\libc.a(lib_a-memset.o)
                0x00402038                memset
 .text._puts_r  0x004020d4       0x5c c:/program files/atmel/studio/7.0/toolchain/arm/arm-gnu-toolchain/bin/../lib/gcc/arm-none-eabi/4.9.3/../../../../arm-none-eabi/lib/armv7e-m\libc.a(lib_a-puts.o)
                0x004020d4                _puts_r
 .text.puts     0x00402130       0x10 c:/program files/atmel/studio/7.0/toolchain/arm/arm-gnu-toolchain/bin/../lib/gcc/arm-none-eabi/4.9.3/../../../../arm-none-eabi/lib/armv7e-m\libc.a(lib_a-puts.o)
                0x00402130                puts
 .text.setbuf   0x00402140       0x10 c:/program files/atmel/studio/7.0/toolchain/arm/arm-gnu-toolchain/bin/../lib/gcc/arm-none-eabi/4.9.3/../../../../arm-none-eabi/lib/armv7e-m\libc.a(lib_a-setbuf.o)
                0x00402140                setbuf
 .text.setvbuf  0x00402150       0xf8 c:/program files/atmel/studio/7.0/toolchain/arm/arm-gnu-toolchain/bin/../lib/gcc/arm-none-eabi/4.9.3/../../../../arm-none-eabi/lib/armv7e-m\libc.a(lib_a-setvbuf.o)
                0x00402150                setvbuf
 .text.strlen   0x00402248       0x5c c:/program files/atmel/studio/7.0/toolchain/arm/arm-gnu-toolchain/bin/../lib/gcc/arm-none-eabi/4.9.3/../../../../arm-none-eabi/lib/armv7e-m\libc.a(lib_a-strlen.o)
                0x00402248                strlen
 .text._strtol_r
                0x004022a4      0x11c c:/program files/atmel/studio/7.0/toolchain/arm/arm-gnu-toolchain/bin/../lib/gcc/arm-none-eabi/4.9.3/../../../../arm-none-eabi/lib/armv7e-m\libc.a(lib_a-strtol.o)
                0x004022a4                _strtol_r
 .text.strtol   0x004023c0       0x18 c:/program files/atmel/studio/7.0/toolchain/arm/arm-gnu-toolchain/bin/../lib/gcc/arm-none-eabi/4.9.3/../../../../arm-none-eabi/lib/armv7e-m\libc.a(lib_a-strtol.o)
                0x004023c0                strtol
 .text.__sprint_r.part.0
                0x004023d8       0x78 c:/program files/atmel/studio/7.0/toolchain/arm/arm-gnu-toolchain/bin/../lib/gcc/arm-none-eabi/4.9.3/../../../../arm-none-eabi/lib/armv7e-m\libc.a(lib_a-vfiprintf.o)
 .text._vfiprintf_r
                0x00402450      0xc10 c:/program files/atmel/studio/7.0/toolchain/arm/arm-gnu-toolchain/bin/../lib/gcc/arm-none-eabi/4.9.3/../../../../arm-none-eabi/lib/armv7e-m\libc.a(lib_a-vfiprintf.o)
                0x00402450                _vfiprintf_r
 .text.__sbprintf
                0x00403060       0x78 c:/program files/atmel/studio/7.0/toolchain/arm/arm-gnu-toolchain/bin/../lib/gcc/arm-none-eabi/4.9.3/../../../../arm-none-eabi/lib/armv7e-m\libc.a(lib_a-vfiprintf.o)
 .text.__swsetup_r
                0x004030d8       0xc4 c:/program files/atmel/studio/7.0/toolchain/arm/arm-gnu-toolchain/bin/../lib/gcc/arm-none-eabi/4.9.3/../../../../arm-none-eabi/lib/armv7e-m\libc.a(lib_a-wsetup.o)
                0x004030d8                __swsetup_r
 .text.startup.register_fini
                0x0040319c       0x14 c:/program files/atmel/studio/7.0/toolchain/arm/arm-gnu-toolchain/bin/../lib/gcc/arm-none-eabi/4.9.3/../../../../arm-none-eabi/lib/armv7e-m\libc.a(lib_a-__call_atexit.o)
 .text.atexit   0x004031b0        0xc c:/program files/atmel/studio/7.0/toolchain/arm/arm-gnu-toolchain/bin/../lib/gcc/arm-none-eabi/4.9.3/../../../../arm-none-eabi/lib/armv7e-m\libc.a(lib_a-atexit.o)
                0x004031b0                atexit
 .text.__sflush_r
                0x004031bc      0x154 c:/program files/atmel/studio/7.0/toolchain/arm/arm-gnu-toolchain/bin/../lib/gcc/arm-none-eabi/4.9.3/../../../../arm-none-eabi/lib/armv7e-m\libc.a(lib_a-fflush.o)
                0x004031bc                __sflush_r
 .text._fflush_r
                0x00403310       0x2c c:/program files/atmel/studio/7.0/toolchain/arm/arm-gnu-toolchain/bin/../lib/gcc/arm-none-eabi/4.9.3/../../../../arm-none-eabi/lib/armv7e-m\libc.a(lib_a-fflush.o)
                0x00403310                _fflush_r
 .text._cleanup_r
                0x0040333c        0xc c:/program files/atmel/studio/7.0/toolchain/arm/arm-gnu-toolchain/bin/../lib/gcc/arm-none-eabi/4.9.3/../../../../arm-none-eabi/lib/armv7e-m\libc.a(lib_a-findfp.o)
                0x0040333c                _cleanup_r
 .text.__sinit.part.1
                0x00403348       0xf0 c:/program files/atmel/studio/7.0/toolchain/arm/arm-gnu-toolchain/bin/../lib/gcc/arm-none-eabi/4.9.3/../../../../arm-none-eabi/lib/armv7e-m\libc.a(lib_a-findfp.o)
 .text.__sinit  0x00403438        0xc c:/program files/atmel/studio/7.0/toolchain/arm/arm-gnu-toolchain/bin/../lib/gcc/arm-none-eabi/4.9.3/../../../../arm-none-eabi/lib/armv7e-m\libc.a(lib_a-findfp.o)
                0x00403438                __sinit
 .text.__sfp_lock_acquire
                0x00403444        0x4 c:/program files/atmel/studio/7.0/toolchain/arm/arm-gnu-toolchain/bin/../lib/gcc/arm-none-eabi/4.9.3/../../../../arm-none-eabi/lib/armv7e-m\libc.a(lib_a-findfp.o)
                0x00403444                __sfp_lock_acquire
 .text.__sfp_lock_release
                0x00403448        0x4 c:/program files/atmel/studio/7.0/toolchain/arm/arm-gnu-toolchain/bin/../lib/gcc/arm-none-eabi/4.9.3/../../../../arm-none-eabi/lib/armv7e-m\libc.a(lib_a-findfp.o)
                0x00403448                __sfp_lock_release
 .text.__libc_fini_array
                0x0040344c       0x2c c:/program files/atmel/studio/7.0/toolchain/arm/arm-gnu-toolchain/bin/../lib/gcc/arm-none-eabi/4.9.3/../../../../arm-none-eabi/lib/armv7e-m\libc.a(lib_a-fini.o)
                0x0040344c                __libc_fini_array
 .text.__fputwc
                0x00403478       0xb0 c:/program files/atmel/studio/7.0/toolchain/arm/arm-gnu-toolchain/bin/../lib/gcc/arm-none-eabi/4.9.3/../../../../arm-none-eabi/lib/armv7e-m\libc.a(lib_a-fputwc.o)
                0x00403478                __fputwc
 .text._fputwc_r
                0x00403528       0x24 c:/program files/atmel/studio/7.0/toolchain/arm/arm-gnu-toolchain/bin/../lib/gcc/arm-none-eabi/4.9.3/../../../../arm-none-eabi/lib/armv7e-m\libc.a(lib_a-fputwc.o)
                0x00403528                _fputwc_r
 .text._malloc_trim_r
                0x0040354c       0x9c c:/program files/atmel/studio/7.0/toolchain/arm/arm-gnu-toolchain/bin/../lib/gcc/arm-none-eabi/4.9.3/../../../../arm-none-eabi/lib/armv7e-m\libc.a(lib_a-freer.o)
                0x0040354c                _malloc_trim_r
 .text._free_r  0x004035e8      0x1b0 c:/program files/atmel/studio/7.0/toolchain/arm/arm-gnu-toolchain/bin/../lib/gcc/arm-none-eabi/4.9.3/../../../../arm-none-eabi/lib/armv7e-m\libc.a(lib_a-freer.o)
                0x004035e8                _free_r
 .text.__sfvwrite_r
                0x00403798      0x318 c:/program files/atmel/studio/7.0/toolchain/arm/arm-gnu-toolchain/bin/../lib/gcc/arm-none-eabi/4.9.3/../../../../arm-none-eabi/lib/armv7e-m\libc.a(lib_a-fvwrite.o)
                0x00403798                __sfvwrite_r
 .text._fwalk_reent
                0x00403ab0       0x54 c:/program files/atmel/studio/7.0/toolchain/arm/arm-gnu-toolchain/bin/../lib/gcc/arm-none-eabi/4.9.3/../../../../arm-none-eabi/lib/armv7e-m\libc.a(lib_a-fwalk.o)
                0x00403ab0                _fwalk_reent
 .text.__locale_charset
                0x00403b04        0x8 c:/program files/atmel/studio/7.0/toolchain/arm/arm-gnu-toolchain/bin/../lib/gcc/arm-none-eabi/4.9.3/../../../../arm-none-eabi/lib/armv7e-m\libc.a(lib_a-locale.o)
                0x00403b04                __locale_charset
 .text.__locale_mb_cur_max
                0x00403b0c        0xc c:/program files/atmel/studio/7.0/toolchain/arm/arm-gnu-toolchain/bin/../lib/gcc/arm-none-eabi/4.9.3/../../../../arm-none-eabi/lib/armv7e-m\libc.a(lib_a-locale.o)
                0x00403b0c                __locale_mb_cur_max
 .text.__smakebuf_r
                0x00403b18       0xe0 c:/program files/atmel/studio/7.0/toolchain/arm/arm-gnu-toolchain/bin/../lib/gcc/arm-none-eabi/4.9.3/../../../../arm-none-eabi/lib/armv7e-m\libc.a(lib_a-makebuf.o)
                0x00403b18                __smakebuf_r
 .text.malloc   0x00403bf8       0x10 c:/program files/atmel/studio/7.0/toolchain/arm/arm-gnu-toolchain/bin/../lib/gcc/arm-none-eabi/4.9.3/../../../../arm-none-eabi/lib/armv7e-m\libc.a(lib_a-malloc.o)
                0x00403bf8                malloc
 .text._malloc_r
                0x00403c08      0x524 c:/program files/atmel/studio/7.0/toolchain/arm/arm-gnu-toolchain/bin/../lib/gcc/arm-none-eabi/4.9.3/../../../../arm-none-eabi/lib/armv7e-m\libc.a(lib_a-mallocr.o)
                0x00403c08                _malloc_r
 .text.memchr   0x0040412c       0x94 c:/program files/atmel/studio/7.0/toolchain/arm/arm-gnu-toolchain/bin/../lib/gcc/arm-none-eabi/4.9.3/../../../../arm-none-eabi/lib/armv7e-m\libc.a(lib_a-memchr.o)
                0x0040412c                memchr
 .text          0x004041c0      0x134 c:/program files/atmel/studio/7.0/toolchain/arm/arm-gnu-toolchain/bin/../lib/gcc/arm-none-eabi/4.9.3/../../../../arm-none-eabi/lib/armv7e-m\libc.a(lib_a-memcpy.o)
                0x004041c0                memcpy
 .text.memmove  0x004042f4       0xc8 c:/program files/atmel/studio/7.0/toolchain/arm/arm-gnu-toolchain/bin/../lib/gcc/arm-none-eabi/4.9.3/../../../../arm-none-eabi/lib/armv7e-m\libc.a(lib_a-memmove.o)
                0x004042f4                memmove
 .text.__malloc_lock
                0x004043bc        0x4 c:/program files/atmel/studio/7.0/toolchain/arm/arm-gnu-toolchain/bin/../lib/gcc/arm-none-eabi/4.9.3/../../../../arm-none-eabi/lib/armv7e-m\libc.a(lib_a-mlock.o)
                0x004043bc                __malloc_lock
 .text.__malloc_unlock
                0x004043c0        0x4 c:/program files/atmel/studio/7.0/toolchain/arm/arm-gnu-toolchain/bin/../lib/gcc/arm-none-eabi/4.9.3/../../../../arm-none-eabi/lib/armv7e-m\libc.a(lib_a-mlock.o)
                0x004043c0                __malloc_unlock
 .text._realloc_r
                0x004043c4      0x3ec c:/program files/atmel/studio/7.0/toolchain/arm/arm-gnu-toolchain/bin/../lib/gcc/arm-none-eabi/4.9.3/../../../../arm-none-eabi/lib/armv7e-m\libc.a(lib_a-reallocr.o)
                0x004043c4                _realloc_r
 .text._sbrk_r  0x004047b0       0x24 c:/program files/atmel/studio/7.0/toolchain/arm/arm-gnu-toolchain/bin/../lib/gcc/arm-none-eabi/4.9.3/../../../../arm-none-eabi/lib/armv7e-m\libc.a(lib_a-sbrkr.o)
                0x004047b0                _sbrk_r
 .text.__sread  0x004047d4       0x24 c:/program files/atmel/studio/7.0/toolchain/arm/arm-gnu-toolchain/bin/../lib/gcc/arm-none-eabi/4.9.3/../../../../arm-none-eabi/lib/armv7e-m\libc.a(lib_a-stdio.o)
                0x004047d4                __sread
 .text.__swrite
                0x004047f8       0x38 c:/program files/atmel/studio/7.0/toolchain/arm/arm-gnu-toolchain/bin/../lib/gcc/arm-none-eabi/4.9.3/../../../../arm-none-eabi/lib/armv7e-m\libc.a(lib_a-stdio.o)
                0x004047f8                __swrite
 .text.__sseek  0x00404830       0x20 c:/program files/atmel/studio/7.0/toolchain/arm/arm-gnu-toolchain/bin/../lib/gcc/arm-none-eabi/4.9.3/../../../../arm-none-eabi/lib/armv7e-m\libc.a(lib_a-stdio.o)
                0x00404830                __sseek
 .text.__sclose
                0x00404850        0x8 c:/program files/atmel/studio/7.0/toolchain/arm/arm-gnu-toolchain/bin/../lib/gcc/arm-none-eabi/4.9.3/../../../../arm-none-eabi/lib/armv7e-m\libc.a(lib_a-stdio.o)
                0x00404850                __sclose
 .text.__swbuf_r
                0x00404858       0xa8 c:/program files/atmel/studio/7.0/toolchain/arm/arm-gnu-toolchain/bin/../lib/gcc/arm-none-eabi/4.9.3/../../../../arm-none-eabi/lib/armv7e-m\libc.a(lib_a-wbuf.o)
                0x00404858                __swbuf_r
 .text._wcrtomb_r
                0x00404900       0x54 c:/program files/atmel/studio/7.0/toolchain/arm/arm-gnu-toolchain/bin/../lib/gcc/arm-none-eabi/4.9.3/../../../../arm-none-eabi/lib/armv7e-m\libc.a(lib_a-wcrtomb.o)
                0x00404900                _wcrtomb_r
 .text.__ascii_wctomb
                0x00404954       0x1c c:/program files/atmel/studio/7.0/toolchain/arm/arm-gnu-toolchain/bin/../lib/gcc/arm-none-eabi/4.9.3/../../../../arm-none-eabi/lib/armv7e-m\libc.a(lib_a-wctomb_r.o)
                0x00404954                __ascii_wctomb
 .text._write_r
                0x00404970       0x28 c:/program files/atmel/studio/7.0/toolchain/arm/arm-gnu-toolchain/bin/../lib/gcc/arm-none-eabi/4.9.3/../../../../arm-none-eabi/lib/armv7e-m\libc.a(lib_a-writer.o)
                0x00404970                _write_r
 .text.__register_exitproc
                0x00404998       0xa4 c:/program files/atmel/studio/7.0/toolchain/arm/arm-gnu-toolchain/bin/../lib/gcc/arm-none-eabi/4.9.3/../../../../arm-none-eabi/lib/armv7e-m\libc.a(lib_a-__atexit.o)
                0x00404998                __register_exitproc
 .text._close_r
                0x00404a3c       0x24 c:/program files/atmel/studio/7.0/toolchain/arm/arm-gnu-toolchain/bin/../lib/gcc/arm-none-eabi/4.9.3/../../../../arm-none-eabi/lib/armv7e-m\libc.a(lib_a-closer.o)
                0x00404a3c                _close_r
 .text._fclose_r
                0x00404a60       0x84 c:/program files/atmel/studio/7.0/toolchain/arm/arm-gnu-toolchain/bin/../lib/gcc/arm-none-eabi/4.9.3/../../../../arm-none-eabi/lib/armv7e-m\libc.a(lib_a-fclose.o)
                0x00404a60                _fclose_r
 .text._fstat_r
                0x00404ae4       0x28 c:/program files/atmel/studio/7.0/toolchain/arm/arm-gnu-toolchain/bin/../lib/gcc/arm-none-eabi/4.9.3/../../../../arm-none-eabi/lib/armv7e-m\libc.a(lib_a-fstatr.o)
                0x00404ae4                _fstat_r
 .text._isatty_r
                0x00404b0c       0x24 c:/program files/atmel/studio/7.0/toolchain/arm/arm-gnu-toolchain/bin/../lib/gcc/arm-none-eabi/4.9.3/../../../../arm-none-eabi/lib/armv7e-m\libc.a(lib_a-isattyr.o)
                0x00404b0c                _isatty_r
 .text._lseek_r
                0x00404b30       0x28 c:/program files/atmel/studio/7.0/toolchain/arm/arm-gnu-toolchain/bin/../lib/gcc/arm-none-eabi/4.9.3/../../../../arm-none-eabi/lib/armv7e-m\libc.a(lib_a-lseekr.o)
                0x00404b30                _lseek_r
 .text._read_r  0x00404b58       0x28 c:/program files/atmel/studio/7.0/toolchain/arm/arm-gnu-toolchain/bin/../lib/gcc/arm-none-eabi/4.9.3/../../../../arm-none-eabi/lib/armv7e-m\libc.a(lib_a-readr.o)
                0x00404b58                _read_r
 .text          0x00404b80       0x30 c:/program files/atmel/studio/7.0/toolchain/arm/arm-gnu-toolchain/bin/../lib/gcc/arm-none-eabi/4.9.3/armv7e-m\libgcc.a(_aeabi_uldivmod.o)
                0x00404b80                __aeabi_uldivmod
 .text          0x00404bb0       0x60 c:/program files/atmel/studio/7.0/toolchain/arm/arm-gnu-toolchain/bin/../lib/gcc/arm-none-eabi/4.9.3/armv7e-m\libgcc.a(bpabi.o)
                0x00404bb0                __gnu_ldivmod_helper
                0x00404be0                __gnu_uldivmod_helper
 .text          0x00404c10        0x4 c:/program files/atmel/studio/7.0/toolchain/arm/arm-gnu-toolchain/bin/../lib/gcc/arm-none-eabi/4.9.3/armv7e-m\libgcc.a(_dvmd_tls.o)
                0x00404c10                __aeabi_idiv0
                0x00404c10                __aeabi_ldiv0
 .text          0x00404c14      0x29c c:/program files/atmel/studio/7.0/toolchain/arm/arm-gnu-toolchain/bin/../lib/gcc/arm-none-eabi/4.9.3/armv7e-m\libgcc.a(_divdi3.o)
                0x00404c14                __divdi3
 .text          0x00404eb0      0x26c c:/program files/atmel/studio/7.0/toolchain/arm/arm-gnu-toolchain/bin/../lib/gcc/arm-none-eabi/4.9.3/armv7e-m\libgcc.a(_udivdi3.o)
                0x00404eb0                __udivdi3
 *(.glue_7t)
 .glue_7t       0x00000000        0x0 linker stubs
 *(.glue_7)
 .glue_7        0x00000000        0x0 linker stubs
 *(.rodata .rodata* .gnu.linkonce.r.*)
 .rodata        0x0040511c       0xdb src/main.o
 *fill*         0x004051f7        0x1 
 .rodata.str1.4
                0x004051f8        0x2 c:/program files/atmel/studio/7.0/toolchain/arm/arm-gnu-toolchain/bin/../lib/gcc/arm-none-eabi/4.9.3/../../../../arm-none-eabi/lib/armv7e-m\libc.a(lib_a-impure.o)
 *fill*         0x004051fa        0x2 
 .rodata._global_impure_ptr
                0x004051fc        0x4 c:/program files/atmel/studio/7.0/toolchain/arm/arm-gnu-toolchain/bin/../lib/gcc/arm-none-eabi/4.9.3/../../../../arm-none-eabi/lib/armv7e-m\libc.a(lib_a-impure.o)
                0x004051fc                _global_impure_ptr
 .rodata.str1.4
                0x00405200        0x2 c:/program files/atmel/studio/7.0/toolchain/arm/arm-gnu-toolchain/bin/../lib/gcc/arm-none-eabi/4.9.3/../../../../arm-none-eabi/lib/armv7e-m\libc.a(lib_a-puts.o)
 *fill*         0x00405202        0x2 
 .rodata.zeroes.6869
                0x00405204       0x10 c:/program files/atmel/studio/7.0/toolchain/arm/arm-gnu-toolchain/bin/../lib/gcc/arm-none-eabi/4.9.3/../../../../arm-none-eabi/lib/armv7e-m\libc.a(lib_a-vfiprintf.o)
 .rodata.str1.4
                0x00405214       0x30 c:/program files/atmel/studio/7.0/toolchain/arm/arm-gnu-toolchain/bin/../lib/gcc/arm-none-eabi/4.9.3/../../../../arm-none-eabi/lib/armv7e-m\libc.a(lib_a-vfiprintf.o)
                                 0x2f (size before relaxing)
 .rodata.blanks.6868
                0x00405244       0x10 c:/program files/atmel/studio/7.0/toolchain/arm/arm-gnu-toolchain/bin/../lib/gcc/arm-none-eabi/4.9.3/../../../../arm-none-eabi/lib/armv7e-m\libc.a(lib_a-vfiprintf.o)
 .rodata._ctype_
                0x00405254      0x101 c:/program files/atmel/studio/7.0/toolchain/arm/arm-gnu-toolchain/bin/../lib/gcc/arm-none-eabi/4.9.3/../../../../arm-none-eabi/lib/armv7e-m\libc.a(lib_a-ctype_.o)
                0x00405254                _ctype_
 *(.ARM.extab* .gnu.linkonce.armextab.*)
                0x00405358                . = ALIGN (0x4)
 *fill*         0x00405355        0x3 
 *(.init)
 .init          0x00405358        0x4 c:/program files/atmel/studio/7.0/toolchain/arm/arm-gnu-toolchain/bin/../lib/gcc/arm-none-eabi/4.9.3/armv7e-m/crti.o
                0x00405358                _init
 .init          0x0040535c        0x8 c:/program files/atmel/studio/7.0/toolchain/arm/arm-gnu-toolchain/bin/../lib/gcc/arm-none-eabi/4.9.3/armv7e-m/crtn.o
                0x00405364                . = ALIGN (0x4)
                0x00405364                __preinit_array_start = .
 *(.preinit_array)
                0x00405364                __preinit_array_end = .
                0x00405364                . = ALIGN (0x4)
                0x00405364                __init_array_start = .
 *(SORT(.init_array.*))
 .init_array.00000
                0x00405364        0x4 c:/program files/atmel/studio/7.0/toolchain/arm/arm-gnu-toolchain/bin/../lib/gcc/arm-none-eabi/4.9.3/../../../../arm-none-eabi/lib/armv7e-m\libc.a(lib_a-__call_atexit.o)
 *(.init_array)
 .init_array    0x00405368        0x4 c:/program files/atmel/studio/7.0/toolchain/arm/arm-gnu-toolchain/bin/../lib/gcc/arm-none-eabi/4.9.3/armv7e-m/crtbegin.o
                0x0040536c                __init_array_end = .
                0x0040536c                . = ALIGN (0x4)
 *crtbegin.o(.ctors)
 *(EXCLUDE_FILE(*crtend.o) .ctors)
 *(SORT(.ctors.*))
 *crtend.o(.ctors)
                0x0040536c                . = ALIGN (0x4)
 *(.fini)
 .fini          0x0040536c        0x4 c:/program files/atmel/studio/7.0/toolchain/arm/arm-gnu-toolchain/bin/../lib/gcc/arm-none-eabi/4.9.3/armv7e-m/crti.o
                0x0040536c                _fini
 .fini          0x00405370        0x8 c:/program files/atmel/studio/7.0/toolchain/arm/arm-gnu-toolchain/bin/../lib/gcc/arm-none-eabi/4.9.3/armv7e-m/crtn.o
                0x00405378                . = ALIGN (0x4)
                0x00405378                __fini_array_start = .
 *(.fini_array)
 .fini_array    0x00405378        0x4 c:/program files/atmel/studio/7.0/toolchain/arm/arm-gnu-toolchain/bin/../lib/gcc/arm-none-eabi/4.9.3/armv7e-m/crtbegin.o
 *(SORT(.fini_array.*))
                0x0040537c                __fini_array_end = .
 *crtbegin.o(.dtors)
 *(EXCLUDE_FILE(*crtend.o) .dtors)
 *(SORT(.dtors.*))
 *crtend.o(.dtors)
                0x0040537c                . = ALIGN (0x4)
                0x0040537c                _efixed = .
                0x0040537c                PROVIDE (__exidx_start, .)

.vfp11_veneer   0x0040537c        0x0
 .vfp11_veneer  0x00000000        0x0 linker stubs

.v4_bx          0x0040537c        0x0
 .v4_bx         0x00000000        0x0 linker stubs

.iplt           0x0040537c        0x0
 .iplt          0x00000000        0x0 c:/program files/atmel/studio/7.0/toolchain/arm/arm-gnu-toolchain/bin/../lib/gcc/arm-none-eabi/4.9.3/armv7e-m/crtbegin.o

.ARM.exidx      0x0040537c        0x8
 *(.ARM.exidx* .gnu.linkonce.armexidx.*)
 .ARM.exidx     0x0040537c        0x8 c:/program files/atmel/studio/7.0/toolchain/arm/arm-gnu-toolchain/bin/../lib/gcc/arm-none-eabi/4.9.3/armv7e-m\libgcc.a(_divdi3.o)
 .ARM.exidx     0x00405384        0x0 c:/program files/atmel/studio/7.0/toolchain/arm/arm-gnu-toolchain/bin/../lib/gcc/arm-none-eabi/4.9.3/armv7e-m\libgcc.a(_udivdi3.o)
                                  0x8 (size before relaxing)
                0x00405384                PROVIDE (__exidx_end, .)

.eh_frame       0x00405384        0x0
 .eh_frame      0x00405384        0x0 c:/program files/atmel/studio/7.0/toolchain/arm/arm-gnu-toolchain/bin/../lib/gcc/arm-none-eabi/4.9.3/armv7e-m/crtbegin.o

.rel.dyn        0x00405384        0x0
 .rel.iplt      0x00000000        0x0 c:/program files/atmel/studio/7.0/toolchain/arm/arm-gnu-toolchain/bin/../lib/gcc/arm-none-eabi/4.9.3/armv7e-m/crtbegin.o

.jcr            0x00405384        0x0
 .jcr           0x00405384        0x0 c:/program files/atmel/studio/7.0/toolchain/arm/arm-gnu-toolchain/bin/../lib/gcc/arm-none-eabi/4.9.3/armv7e-m/crtbegin.o

.igot.plt       0x00405384        0x0
 .igot.plt      0x00000000        0x0 c:/program files/atmel/studio/7.0/toolchain/arm/arm-gnu-toolchain/bin/../lib/gcc/arm-none-eabi/4.9.3/armv7e-m/crtbegin.o
                0x00405384                . = ALIGN (0x4)
                0x00405384                _etext = .

.relocate       0x20000000      0x870 load address 0x00405384
                0x20000000                . = ALIGN (0x4)
                0x20000000                _srelocate = .
 *(.ramfunc .ramfunc.*)
 *(.data .data.*)
 .data.SystemCoreClock
                0x20000000        0x4 src/ASF/sam/utils/cmsis/sam4s/source/templates/system_sam4s.o
                0x20000000                SystemCoreClock
 *fill*         0x20000004        0x4 
 .data.impure_data
                0x20000008      0x428 c:/program files/atmel/studio/7.0/toolchain/arm/arm-gnu-toolchain/bin/../lib/gcc/arm-none-eabi/4.9.3/../../../../arm-none-eabi/lib/armv7e-m\libc.a(lib_a-impure.o)
 .data._impure_ptr
                0x20000430        0x4 c:/program files/atmel/studio/7.0/toolchain/arm/arm-gnu-toolchain/bin/../lib/gcc/arm-none-eabi/4.9.3/../../../../arm-none-eabi/lib/armv7e-m\libc.a(lib_a-impure.o)
                0x20000430                _impure_ptr
 .data.__ctype_ptr__
                0x20000434        0x4 c:/program files/atmel/studio/7.0/toolchain/arm/arm-gnu-toolchain/bin/../lib/gcc/arm-none-eabi/4.9.3/../../../../arm-none-eabi/lib/armv7e-m\libc.a(lib_a-ctype_.o)
                0x20000434                __ctype_ptr__
 .data.lc_ctype_charset
                0x20000438       0x20 c:/program files/atmel/studio/7.0/toolchain/arm/arm-gnu-toolchain/bin/../lib/gcc/arm-none-eabi/4.9.3/../../../../arm-none-eabi/lib/armv7e-m\libc.a(lib_a-locale.o)
 .data.__mb_cur_max
                0x20000458        0x4 c:/program files/atmel/studio/7.0/toolchain/arm/arm-gnu-toolchain/bin/../lib/gcc/arm-none-eabi/4.9.3/../../../../arm-none-eabi/lib/armv7e-m\libc.a(lib_a-locale.o)
                0x20000458                __mb_cur_max
 .data.__malloc_av_
                0x2000045c      0x408 c:/program files/atmel/studio/7.0/toolchain/arm/arm-gnu-toolchain/bin/../lib/gcc/arm-none-eabi/4.9.3/../../../../arm-none-eabi/lib/armv7e-m\libc.a(lib_a-mallocr.o)
                0x2000045c                __malloc_av_
 .data.__malloc_trim_threshold
                0x20000864        0x4 c:/program files/atmel/studio/7.0/toolchain/arm/arm-gnu-toolchain/bin/../lib/gcc/arm-none-eabi/4.9.3/../../../../arm-none-eabi/lib/armv7e-m\libc.a(lib_a-mallocr.o)
                0x20000864                __malloc_trim_threshold
 .data.__malloc_sbrk_base
                0x20000868        0x4 c:/program files/atmel/studio/7.0/toolchain/arm/arm-gnu-toolchain/bin/../lib/gcc/arm-none-eabi/4.9.3/../../../../arm-none-eabi/lib/armv7e-m\libc.a(lib_a-mallocr.o)
                0x20000868                __malloc_sbrk_base
 .data.__wctomb
                0x2000086c        0x4 c:/program files/atmel/studio/7.0/toolchain/arm/arm-gnu-toolchain/bin/../lib/gcc/arm-none-eabi/4.9.3/../../../../arm-none-eabi/lib/armv7e-m\libc.a(lib_a-wctomb_r.o)
                0x2000086c                __wctomb
                0x20000870                . = ALIGN (0x4)
                0x20000870                _erelocate = .

.bss            0x20000870       0xf8 load address 0x00405bf4
                0x20000870                . = ALIGN (0x4)
                0x20000870                _sbss = .
                0x20000870                _szero = .
 *(.bss .bss.*)
 .bss           0x20000870       0x1c c:/program files/atmel/studio/7.0/toolchain/arm/arm-gnu-toolchain/bin/../lib/gcc/arm-none-eabi/4.9.3/armv7e-m/crtbegin.o
 .bss.gs_interrupt_sources
                0x2000088c       0x70 src/ASF/sam/drivers/pio/pio_handler.o
 .bss.pio_capture_handler
                0x200008fc        0x4 src/ASF/sam/drivers/pio/pio_handler.o
 .bss.ul_reg_val.7433
                0x20000900        0x4 src/ASF/sam/drivers/usart/usart.o
 .bss.heap.5212
                0x20000904        0x4 src/ASF/sam/utils/syscalls/gcc/syscalls.o
 .bss.g_i       0x20000908        0x1 src/main.o
                0x20000908                g_i
 .bss.g_Period_red
                0x20000909        0x1 src/main.o
                0x20000909                g_Period_red
 .bss.g_Period_green
                0x2000090a        0x1 src/main.o
                0x2000090a                g_Period_green
 .bss.g_Period_blue
                0x2000090b        0x1 src/main.o
                0x2000090b                g_Period_blue
 .bss.g_acumulador_red
                0x2000090c        0x1 src/main.o
                0x2000090c                g_acumulador_red
 .bss.g_acumulador_green
                0x2000090d        0x1 src/main.o
                0x2000090d                g_acumulador_green
 .bss.g_acumulador_blue
                0x2000090e        0x1 src/main.o
                0x2000090e                g_acumulador_blue
 .bss.g_flag    0x2000090f        0x1 src/main.o
                0x2000090f                g_flag
 .bss.g_flag_red
                0x20000910        0x1 src/main.o
                0x20000910                g_flag_red
 .bss.g_flag_blue
                0x20000911        0x1 src/main.o
                0x20000911                g_flag_blue
 .bss.g_flag_green
                0x20000912        0x1 src/main.o
                0x20000912                g_flag_green
 *fill*         0x20000913        0x1 
 .bss.__malloc_max_total_mem
                0x20000914        0x4 c:/program files/atmel/studio/7.0/toolchain/arm/arm-gnu-toolchain/bin/../lib/gcc/arm-none-eabi/4.9.3/../../../../arm-none-eabi/lib/armv7e-m\libc.a(lib_a-mallocr.o)
                0x20000914                __malloc_max_total_mem
 .bss.__malloc_max_sbrked_mem
                0x20000918        0x4 c:/program files/atmel/studio/7.0/toolchain/arm/arm-gnu-toolchain/bin/../lib/gcc/arm-none-eabi/4.9.3/../../../../arm-none-eabi/lib/armv7e-m\libc.a(lib_a-mallocr.o)
                0x20000918                __malloc_max_sbrked_mem
 .bss.__malloc_top_pad
                0x2000091c        0x4 c:/program files/atmel/studio/7.0/toolchain/arm/arm-gnu-toolchain/bin/../lib/gcc/arm-none-eabi/4.9.3/../../../../arm-none-eabi/lib/armv7e-m\libc.a(lib_a-mallocr.o)
                0x2000091c                __malloc_top_pad
 .bss.__malloc_current_mallinfo
                0x20000920       0x28 c:/program files/atmel/studio/7.0/toolchain/arm/arm-gnu-toolchain/bin/../lib/gcc/arm-none-eabi/4.9.3/../../../../arm-none-eabi/lib/armv7e-m\libc.a(lib_a-mallocr.o)
                0x20000920                __malloc_current_mallinfo
 *(COMMON)
 COMMON         0x20000948        0x4 src/ASF/common/utils/stdio/read.o
                0x20000948                ptr_get
 COMMON         0x2000094c        0x8 src/ASF/common/utils/stdio/write.o
                0x2000094c                ptr_put
                0x20000950                stdio_base
 COMMON         0x20000954        0x4 src/ASF/sam/drivers/pio/pio.o
                0x20000954                pio_capture_enable_flag
 COMMON         0x20000958        0xb src/main.o
                0x20000958                g_str
 *fill*         0x20000963        0x1 
 COMMON         0x20000964        0x4 c:/program files/atmel/studio/7.0/toolchain/arm/arm-gnu-toolchain/bin/../lib/gcc/arm-none-eabi/4.9.3/../../../../arm-none-eabi/lib/armv7e-m\libc.a(lib_a-reent.o)
                0x20000964                errno
                0x20000968                . = ALIGN (0x4)
                0x20000968                _ebss = .
                0x20000968                _ezero = .

.stack          0x20000968     0x3000 load address 0x00405cec
                0x20000968                . = ALIGN (0x8)
                0x20000968                _sstack = .
                0x20003968                . = (. + __stack_size__)
 *fill*         0x20000968     0x3000 
                0x20003968                . = ALIGN (0x8)
                0x20003968                _estack = .
                0x20003968                . = ALIGN (0x4)
                0x20003968                _end = .
OUTPUT(20-UART.elf elf32-littlearm)

.ARM.attributes
                0x00000000       0x2a
 .ARM.attributes
                0x00000000       0x1e c:/program files/atmel/studio/7.0/toolchain/arm/arm-gnu-toolchain/bin/../lib/gcc/arm-none-eabi/4.9.3/armv7e-m/crti.o
 .ARM.attributes
                0x0000001e       0x2e c:/program files/atmel/studio/7.0/toolchain/arm/arm-gnu-toolchain/bin/../lib/gcc/arm-none-eabi/4.9.3/armv7e-m/crtbegin.o
 .ARM.attributes
                0x0000004c       0x33 src/ASF/common/services/clock/sam4s/sysclk.o
 .ARM.attributes
                0x0000007f       0x33 src/ASF/common/utils/stdio/read.o
 .ARM.attributes
                0x000000b2       0x33 src/ASF/common/utils/stdio/write.o
 .ARM.attributes
                0x000000e5       0x33 src/ASF/sam/boards/sam4s_ek2/init.o
 .ARM.attributes
                0x00000118       0x33 src/ASF/sam/drivers/pio/pio.o
 .ARM.attributes
                0x0000014b       0x33 src/ASF/sam/drivers/pio/pio_handler.o
 .ARM.attributes
                0x0000017e       0x33 src/ASF/sam/drivers/pmc/pmc.o
 .ARM.attributes
                0x000001b1       0x33 src/ASF/sam/drivers/tc/tc.o
 .ARM.attributes
                0x000001e4       0x33 src/ASF/sam/drivers/uart/uart.o
 .ARM.attributes
                0x00000217       0x33 src/ASF/sam/drivers/usart/usart.o
 .ARM.attributes
                0x0000024a       0x33 src/ASF/sam/utils/cmsis/sam4s/source/templates/gcc/startup_sam4s.o
 .ARM.attributes
                0x0000027d       0x33 src/ASF/sam/utils/cmsis/sam4s/source/templates/system_sam4s.o
 .ARM.attributes
                0x000002b0       0x33 src/ASF/sam/utils/syscalls/gcc/syscalls.o
 .ARM.attributes
                0x000002e3       0x33 src/main.o
 .ARM.attributes
                0x00000316       0x2e c:/program files/atmel/studio/7.0/toolchain/arm/arm-gnu-toolchain/bin/../lib/gcc/arm-none-eabi/4.9.3/../../../../arm-none-eabi/lib/armv7e-m\libc.a(lib_a-atoi.o)
 .ARM.attributes
                0x00000344       0x2e c:/program files/atmel/studio/7.0/toolchain/arm/arm-gnu-toolchain/bin/../lib/gcc/arm-none-eabi/4.9.3/../../../../arm-none-eabi/lib/armv7e-m\libc.a(lib_a-impure.o)
 .ARM.attributes
                0x00000372       0x2e c:/program files/atmel/studio/7.0/toolchain/arm/arm-gnu-toolchain/bin/../lib/gcc/arm-none-eabi/4.9.3/../../../../arm-none-eabi/lib/armv7e-m\libc.a(lib_a-init.o)
 .ARM.attributes
                0x000003a0       0x2e c:/program files/atmel/studio/7.0/toolchain/arm/arm-gnu-toolchain/bin/../lib/gcc/arm-none-eabi/4.9.3/../../../../arm-none-eabi/lib/armv7e-m\libc.a(lib_a-iprintf.o)
 .ARM.attributes
                0x000003ce       0x2e c:/program files/atmel/studio/7.0/toolchain/arm/arm-gnu-toolchain/bin/../lib/gcc/arm-none-eabi/4.9.3/../../../../arm-none-eabi/lib/armv7e-m\libc.a(lib_a-memset.o)
 .ARM.attributes
                0x000003fc       0x2e c:/program files/atmel/studio/7.0/toolchain/arm/arm-gnu-toolchain/bin/../lib/gcc/arm-none-eabi/4.9.3/../../../../arm-none-eabi/lib/armv7e-m\libc.a(lib_a-puts.o)
 .ARM.attributes
                0x0000042a       0x2e c:/program files/atmel/studio/7.0/toolchain/arm/arm-gnu-toolchain/bin/../lib/gcc/arm-none-eabi/4.9.3/../../../../arm-none-eabi/lib/armv7e-m\libc.a(lib_a-setbuf.o)
 .ARM.attributes
                0x00000458       0x2e c:/program files/atmel/studio/7.0/toolchain/arm/arm-gnu-toolchain/bin/../lib/gcc/arm-none-eabi/4.9.3/../../../../arm-none-eabi/lib/armv7e-m\libc.a(lib_a-setvbuf.o)
 .ARM.attributes
                0x00000486       0x2e c:/program files/atmel/studio/7.0/toolchain/arm/arm-gnu-toolchain/bin/../lib/gcc/arm-none-eabi/4.9.3/../../../../arm-none-eabi/lib/armv7e-m\libc.a(lib_a-strlen.o)
 .ARM.attributes
                0x000004b4       0x2e c:/program files/atmel/studio/7.0/toolchain/arm/arm-gnu-toolchain/bin/../lib/gcc/arm-none-eabi/4.9.3/../../../../arm-none-eabi/lib/armv7e-m\libc.a(lib_a-strtol.o)
 .ARM.attributes
                0x000004e2       0x2e c:/program files/atmel/studio/7.0/toolchain/arm/arm-gnu-toolchain/bin/../lib/gcc/arm-none-eabi/4.9.3/../../../../arm-none-eabi/lib/armv7e-m\libc.a(lib_a-vfiprintf.o)
 .ARM.attributes
                0x00000510       0x2e c:/program files/atmel/studio/7.0/toolchain/arm/arm-gnu-toolchain/bin/../lib/gcc/arm-none-eabi/4.9.3/../../../../arm-none-eabi/lib/armv7e-m\libc.a(lib_a-wsetup.o)
 .ARM.attributes
                0x0000053e       0x2e c:/program files/atmel/studio/7.0/toolchain/arm/arm-gnu-toolchain/bin/../lib/gcc/arm-none-eabi/4.9.3/../../../../arm-none-eabi/lib/armv7e-m\libc.a(lib_a-__call_atexit.o)
 .ARM.attributes
                0x0000056c       0x2e c:/program files/atmel/studio/7.0/toolchain/arm/arm-gnu-toolchain/bin/../lib/gcc/arm-none-eabi/4.9.3/../../../../arm-none-eabi/lib/armv7e-m\libc.a(lib_a-atexit.o)
 .ARM.attributes
                0x0000059a       0x2e c:/program files/atmel/studio/7.0/toolchain/arm/arm-gnu-toolchain/bin/../lib/gcc/arm-none-eabi/4.9.3/../../../../arm-none-eabi/lib/armv7e-m\libc.a(lib_a-ctype_.o)
 .ARM.attributes
                0x000005c8       0x2e c:/program files/atmel/studio/7.0/toolchain/arm/arm-gnu-toolchain/bin/../lib/gcc/arm-none-eabi/4.9.3/../../../../arm-none-eabi/lib/armv7e-m\libc.a(lib_a-fflush.o)
 .ARM.attributes
                0x000005f6       0x2e c:/program files/atmel/studio/7.0/toolchain/arm/arm-gnu-toolchain/bin/../lib/gcc/arm-none-eabi/4.9.3/../../../../arm-none-eabi/lib/armv7e-m\libc.a(lib_a-findfp.o)
 .ARM.attributes
                0x00000624       0x2e c:/program files/atmel/studio/7.0/toolchain/arm/arm-gnu-toolchain/bin/../lib/gcc/arm-none-eabi/4.9.3/../../../../arm-none-eabi/lib/armv7e-m\libc.a(lib_a-fini.o)
 .ARM.attributes
                0x00000652       0x2e c:/program files/atmel/studio/7.0/toolchain/arm/arm-gnu-toolchain/bin/../lib/gcc/arm-none-eabi/4.9.3/../../../../arm-none-eabi/lib/armv7e-m\libc.a(lib_a-fputwc.o)
 .ARM.attributes
                0x00000680       0x2e c:/program files/atmel/studio/7.0/toolchain/arm/arm-gnu-toolchain/bin/../lib/gcc/arm-none-eabi/4.9.3/../../../../arm-none-eabi/lib/armv7e-m\libc.a(lib_a-freer.o)
 .ARM.attributes
                0x000006ae       0x2e c:/program files/atmel/studio/7.0/toolchain/arm/arm-gnu-toolchain/bin/../lib/gcc/arm-none-eabi/4.9.3/../../../../arm-none-eabi/lib/armv7e-m\libc.a(lib_a-fvwrite.o)
 .ARM.attributes
                0x000006dc       0x2e c:/program files/atmel/studio/7.0/toolchain/arm/arm-gnu-toolchain/bin/../lib/gcc/arm-none-eabi/4.9.3/../../../../arm-none-eabi/lib/armv7e-m\libc.a(lib_a-fwalk.o)
 .ARM.attributes
                0x0000070a       0x2e c:/program files/atmel/studio/7.0/toolchain/arm/arm-gnu-toolchain/bin/../lib/gcc/arm-none-eabi/4.9.3/../../../../arm-none-eabi/lib/armv7e-m\libc.a(lib_a-locale.o)
 .ARM.attributes
                0x00000738       0x2e c:/program files/atmel/studio/7.0/toolchain/arm/arm-gnu-toolchain/bin/../lib/gcc/arm-none-eabi/4.9.3/../../../../arm-none-eabi/lib/armv7e-m\libc.a(lib_a-makebuf.o)
 .ARM.attributes
                0x00000766       0x2e c:/program files/atmel/studio/7.0/toolchain/arm/arm-gnu-toolchain/bin/../lib/gcc/arm-none-eabi/4.9.3/../../../../arm-none-eabi/lib/armv7e-m\libc.a(lib_a-malloc.o)
 .ARM.attributes
                0x00000794       0x2e c:/program files/atmel/studio/7.0/toolchain/arm/arm-gnu-toolchain/bin/../lib/gcc/arm-none-eabi/4.9.3/../../../../arm-none-eabi/lib/armv7e-m\libc.a(lib_a-mallocr.o)
 .ARM.attributes
                0x000007c2       0x2e c:/program files/atmel/studio/7.0/toolchain/arm/arm-gnu-toolchain/bin/../lib/gcc/arm-none-eabi/4.9.3/../../../../arm-none-eabi/lib/armv7e-m\libc.a(lib_a-memchr.o)
 .ARM.attributes
                0x000007f0       0x1c c:/program files/atmel/studio/7.0/toolchain/arm/arm-gnu-toolchain/bin/../lib/gcc/arm-none-eabi/4.9.3/../../../../arm-none-eabi/lib/armv7e-m\libc.a(lib_a-memcpy.o)
 .ARM.attributes
                0x0000080c       0x2e c:/program files/atmel/studio/7.0/toolchain/arm/arm-gnu-toolchain/bin/../lib/gcc/arm-none-eabi/4.9.3/../../../../arm-none-eabi/lib/armv7e-m\libc.a(lib_a-memmove.o)
 .ARM.attributes
                0x0000083a       0x2e c:/program files/atmel/studio/7.0/toolchain/arm/arm-gnu-toolchain/bin/../lib/gcc/arm-none-eabi/4.9.3/../../../../arm-none-eabi/lib/armv7e-m\libc.a(lib_a-mlock.o)
 .ARM.attributes
                0x00000868       0x2e c:/program files/atmel/studio/7.0/toolchain/arm/arm-gnu-toolchain/bin/../lib/gcc/arm-none-eabi/4.9.3/../../../../arm-none-eabi/lib/armv7e-m\libc.a(lib_a-reallocr.o)
 .ARM.attributes
                0x00000896       0x2e c:/program files/atmel/studio/7.0/toolchain/arm/arm-gnu-toolchain/bin/../lib/gcc/arm-none-eabi/4.9.3/../../../../arm-none-eabi/lib/armv7e-m\libc.a(lib_a-sbrkr.o)
 .ARM.attributes
                0x000008c4       0x2e c:/program files/atmel/studio/7.0/toolchain/arm/arm-gnu-toolchain/bin/../lib/gcc/arm-none-eabi/4.9.3/../../../../arm-none-eabi/lib/armv7e-m\libc.a(lib_a-stdio.o)
 .ARM.attributes
                0x000008f2       0x2e c:/program files/atmel/studio/7.0/toolchain/arm/arm-gnu-toolchain/bin/../lib/gcc/arm-none-eabi/4.9.3/../../../../arm-none-eabi/lib/armv7e-m\libc.a(lib_a-wbuf.o)
 .ARM.attributes
                0x00000920       0x2e c:/program files/atmel/studio/7.0/toolchain/arm/arm-gnu-toolchain/bin/../lib/gcc/arm-none-eabi/4.9.3/../../../../arm-none-eabi/lib/armv7e-m\libc.a(lib_a-wcrtomb.o)
 .ARM.attributes
                0x0000094e       0x2e c:/program files/atmel/studio/7.0/toolchain/arm/arm-gnu-toolchain/bin/../lib/gcc/arm-none-eabi/4.9.3/../../../../arm-none-eabi/lib/armv7e-m\libc.a(lib_a-wctomb_r.o)
 .ARM.attributes
                0x0000097c       0x2e c:/program files/atmel/studio/7.0/toolchain/arm/arm-gnu-toolchain/bin/../lib/gcc/arm-none-eabi/4.9.3/../../../../arm-none-eabi/lib/armv7e-m\libc.a(lib_a-writer.o)
 .ARM.attributes
                0x000009aa       0x2e c:/program files/atmel/studio/7.0/toolchain/arm/arm-gnu-toolchain/bin/../lib/gcc/arm-none-eabi/4.9.3/../../../../arm-none-eabi/lib/armv7e-m\libc.a(lib_a-__atexit.o)
 .ARM.attributes
                0x000009d8       0x2e c:/program files/atmel/studio/7.0/toolchain/arm/arm-gnu-toolchain/bin/../lib/gcc/arm-none-eabi/4.9.3/../../../../arm-none-eabi/lib/armv7e-m\libc.a(lib_a-closer.o)
 .ARM.attributes
                0x00000a06       0x2e c:/program files/atmel/studio/7.0/toolchain/arm/arm-gnu-toolchain/bin/../lib/gcc/arm-none-eabi/4.9.3/../../../../arm-none-eabi/lib/armv7e-m\libc.a(lib_a-fclose.o)
 .ARM.attributes
                0x00000a34       0x2e c:/program files/atmel/studio/7.0/toolchain/arm/arm-gnu-toolchain/bin/../lib/gcc/arm-none-eabi/4.9.3/../../../../arm-none-eabi/lib/armv7e-m\libc.a(lib_a-fstatr.o)
 .ARM.attributes
                0x00000a62       0x2e c:/program files/atmel/studio/7.0/toolchain/arm/arm-gnu-toolchain/bin/../lib/gcc/arm-none-eabi/4.9.3/../../../../arm-none-eabi/lib/armv7e-m\libc.a(lib_a-isattyr.o)
 .ARM.attributes
                0x00000a90       0x2e c:/program files/atmel/studio/7.0/toolchain/arm/arm-gnu-toolchain/bin/../lib/gcc/arm-none-eabi/4.9.3/../../../../arm-none-eabi/lib/armv7e-m\libc.a(lib_a-lseekr.o)
 .ARM.attributes
                0x00000abe       0x2e c:/program files/atmel/studio/7.0/toolchain/arm/arm-gnu-toolchain/bin/../lib/gcc/arm-none-eabi/4.9.3/../../../../arm-none-eabi/lib/armv7e-m\libc.a(lib_a-readr.o)
 .ARM.attributes
                0x00000aec       0x2e c:/program files/atmel/studio/7.0/toolchain/arm/arm-gnu-toolchain/bin/../lib/gcc/arm-none-eabi/4.9.3/../../../../arm-none-eabi/lib/armv7e-m\libc.a(lib_a-reent.o)
 .ARM.attributes
                0x00000b1a       0x1e c:/program files/atmel/studio/7.0/toolchain/arm/arm-gnu-toolchain/bin/../lib/gcc/arm-none-eabi/4.9.3/armv7e-m\libgcc.a(_aeabi_uldivmod.o)
 .ARM.attributes
                0x00000b38       0x2e c:/program files/atmel/studio/7.0/toolchain/arm/arm-gnu-toolchain/bin/../lib/gcc/arm-none-eabi/4.9.3/armv7e-m\libgcc.a(bpabi.o)
 .ARM.attributes
                0x00000b66       0x1e c:/program files/atmel/studio/7.0/toolchain/arm/arm-gnu-toolchain/bin/../lib/gcc/arm-none-eabi/4.9.3/armv7e-m\libgcc.a(_dvmd_tls.o)
 .ARM.attributes
                0x00000b84       0x2e c:/program files/atmel/studio/7.0/toolchain/arm/arm-gnu-toolchain/bin/../lib/gcc/arm-none-eabi/4.9.3/armv7e-m\libgcc.a(_divdi3.o)
 .ARM.attributes
                0x00000bb2       0x2e c:/program files/atmel/studio/7.0/toolchain/arm/arm-gnu-toolchain/bin/../lib/gcc/arm-none-eabi/4.9.3/armv7e-m\libgcc.a(_udivdi3.o)
 .ARM.attributes
                0x00000be0       0x1e c:/program files/atmel/studio/7.0/toolchain/arm/arm-gnu-toolchain/bin/../lib/gcc/arm-none-eabi/4.9.3/armv7e-m/crtn.o

.comment        0x00000000       0x5b
 .comment       0x00000000       0x5b src/ASF/common/services/clock/sam4s/sysclk.o
                                 0x5c (size before relaxing)
 .comment       0x00000000       0x5c src/ASF/common/utils/stdio/read.o
 .comment       0x00000000       0x5c src/ASF/common/utils/stdio/write.o
 .comment       0x00000000       0x5c src/ASF/sam/boards/sam4s_ek2/init.o
 .comment       0x00000000       0x5c src/ASF/sam/drivers/pio/pio.o
 .comment       0x00000000       0x5c src/ASF/sam/drivers/pio/pio_handler.o
 .comment       0x00000000       0x5c src/ASF/sam/drivers/pmc/pmc.o
 .comment       0x00000000       0x5c src/ASF/sam/drivers/tc/tc.o
 .comment       0x00000000       0x5c src/ASF/sam/drivers/uart/uart.o
 .comment       0x00000000       0x5c src/ASF/sam/drivers/usart/usart.o
 .comment       0x00000000       0x5c src/ASF/sam/utils/cmsis/sam4s/source/templates/gcc/startup_sam4s.o
 .comment       0x00000000       0x5c src/ASF/sam/utils/cmsis/sam4s/source/templates/system_sam4s.o
 .comment       0x00000000       0x5c src/ASF/sam/utils/syscalls/gcc/syscalls.o
 .comment       0x00000000       0x5c src/main.o

.debug_info     0x00000000     0x9566
 .debug_info    0x00000000      0x68d src/ASF/common/services/clock/sam4s/sysclk.o
 .debug_info    0x0000068d      0x1ae src/ASF/common/utils/stdio/read.o
 .debug_info    0x0000083b      0x1bc src/ASF/common/utils/stdio/write.o
 .debug_info    0x000009f7      0x745 src/ASF/sam/boards/sam4s_ek2/init.o
 .debug_info    0x0000113c     0x136b src/ASF/sam/drivers/pio/pio.o
 .debug_info    0x000024a7      0xdde src/ASF/sam/drivers/pio/pio_handler.o
 .debug_info    0x00003285     0x10ba src/ASF/sam/drivers/pmc/pmc.o
 .debug_info    0x0000433f      0x93f src/ASF/sam/drivers/tc/tc.o
 .debug_info    0x00004c7e      0x880 src/ASF/sam/drivers/uart/uart.o
 .debug_info    0x000054fe     0x14b2 src/ASF/sam/drivers/usart/usart.o
 .debug_info    0x000069b0      0x681 src/ASF/sam/utils/cmsis/sam4s/source/templates/gcc/startup_sam4s.o
 .debug_info    0x00007031      0x46d src/ASF/sam/utils/cmsis/sam4s/source/templates/system_sam4s.o
 .debug_info    0x0000749e      0x434 src/ASF/sam/utils/syscalls/gcc/syscalls.o
 .debug_info    0x000078d2     0x1c94 src/main.o

.debug_abbrev   0x00000000     0x1674
 .debug_abbrev  0x00000000      0x1b4 src/ASF/common/services/clock/sam4s/sysclk.o
 .debug_abbrev  0x000001b4       0xdd src/ASF/common/utils/stdio/read.o
 .debug_abbrev  0x00000291       0xe6 src/ASF/common/utils/stdio/write.o
 .debug_abbrev  0x00000377      0x150 src/ASF/sam/boards/sam4s_ek2/init.o
 .debug_abbrev  0x000004c7      0x1c4 src/ASF/sam/drivers/pio/pio.o
 .debug_abbrev  0x0000068b      0x229 src/ASF/sam/drivers/pio/pio_handler.o
 .debug_abbrev  0x000008b4      0x20d src/ASF/sam/drivers/pmc/pmc.o
 .debug_abbrev  0x00000ac1      0x158 src/ASF/sam/drivers/tc/tc.o
 .debug_abbrev  0x00000c19      0x183 src/ASF/sam/drivers/uart/uart.o
 .debug_abbrev  0x00000d9c      0x214 src/ASF/sam/drivers/usart/usart.o
 .debug_abbrev  0x00000fb0      0x15f src/ASF/sam/utils/cmsis/sam4s/source/templates/gcc/startup_sam4s.o
 .debug_abbrev  0x0000110f       0xf5 src/ASF/sam/utils/cmsis/sam4s/source/templates/system_sam4s.o
 .debug_abbrev  0x00001204      0x11d src/ASF/sam/utils/syscalls/gcc/syscalls.o
 .debug_abbrev  0x00001321      0x353 src/main.o

.debug_loc      0x00000000     0x612c
 .debug_loc     0x00000000      0x424 src/ASF/common/services/clock/sam4s/sysclk.o
 .debug_loc     0x00000424       0x50 src/ASF/common/utils/stdio/read.o
 .debug_loc     0x00000474       0x50 src/ASF/common/utils/stdio/write.o
 .debug_loc     0x000004c4       0xa8 src/ASF/sam/boards/sam4s_ek2/init.o
 .debug_loc     0x0000056c     0x1174 src/ASF/sam/drivers/pio/pio.o
 .debug_loc     0x000016e0      0x390 src/ASF/sam/drivers/pio/pio_handler.o
 .debug_loc     0x00001a70     0x1450 src/ASF/sam/drivers/pmc/pmc.o
 .debug_loc     0x00002ec0      0x844 src/ASF/sam/drivers/tc/tc.o
 .debug_loc     0x00003704      0x958 src/ASF/sam/drivers/uart/uart.o
 .debug_loc     0x0000405c     0x17d4 src/ASF/sam/drivers/usart/usart.o
 .debug_loc     0x00005830       0x64 src/ASF/sam/utils/cmsis/sam4s/source/templates/gcc/startup_sam4s.o
 .debug_loc     0x00005894       0xe4 src/ASF/sam/utils/cmsis/sam4s/source/templates/system_sam4s.o
 .debug_loc     0x00005978      0x300 src/ASF/sam/utils/syscalls/gcc/syscalls.o
 .debug_loc     0x00005c78      0x4b4 src/main.o

.debug_aranges  0x00000000      0xa68
 .debug_aranges
                0x00000000       0x88 src/ASF/common/services/clock/sam4s/sysclk.o
 .debug_aranges
                0x00000088       0x20 src/ASF/common/utils/stdio/read.o
 .debug_aranges
                0x000000a8       0x20 src/ASF/common/utils/stdio/write.o
 .debug_aranges
                0x000000c8       0x30 src/ASF/sam/boards/sam4s_ek2/init.o
 .debug_aranges
                0x000000f8      0x1a8 src/ASF/sam/drivers/pio/pio.o
 .debug_aranges
                0x000002a0       0x78 src/ASF/sam/drivers/pio/pio_handler.o
 .debug_aranges
                0x00000318      0x208 src/ASF/sam/drivers/pmc/pmc.o
 .debug_aranges
                0x00000520       0xd0 src/ASF/sam/drivers/tc/tc.o
 .debug_aranges
                0x000005f0       0xe8 src/ASF/sam/drivers/uart/uart.o
 .debug_aranges
                0x000006d8      0x238 src/ASF/sam/drivers/usart/usart.o
 .debug_aranges
                0x00000910       0x28 src/ASF/sam/utils/cmsis/sam4s/source/templates/gcc/startup_sam4s.o
 .debug_aranges
                0x00000938       0x30 src/ASF/sam/utils/cmsis/sam4s/source/templates/system_sam4s.o
 .debug_aranges
                0x00000968       0x60 src/ASF/sam/utils/syscalls/gcc/syscalls.o
 .debug_aranges
                0x000009c8       0xa0 src/main.o

.debug_ranges   0x00000000      0x988
 .debug_ranges  0x00000000       0x78 src/ASF/common/services/clock/sam4s/sysclk.o
 .debug_ranges  0x00000078       0x10 src/ASF/common/utils/stdio/read.o
 .debug_ranges  0x00000088       0x10 src/ASF/common/utils/stdio/write.o
 .debug_ranges  0x00000098       0x20 src/ASF/sam/boards/sam4s_ek2/init.o
 .debug_ranges  0x000000b8      0x198 src/ASF/sam/drivers/pio/pio.o
 .debug_ranges  0x00000250       0x68 src/ASF/sam/drivers/pio/pio_handler.o
 .debug_ranges  0x000002b8      0x1f8 src/ASF/sam/drivers/pmc/pmc.o
 .debug_ranges  0x000004b0       0xc0 src/ASF/sam/drivers/tc/tc.o
 .debug_ranges  0x00000570       0xd8 src/ASF/sam/drivers/uart/uart.o
 .debug_ranges  0x00000648      0x228 src/ASF/sam/drivers/usart/usart.o
 .debug_ranges  0x00000870       0x18 src/ASF/sam/utils/cmsis/sam4s/source/templates/gcc/startup_sam4s.o
 .debug_ranges  0x00000888       0x20 src/ASF/sam/utils/cmsis/sam4s/source/templates/system_sam4s.o
 .debug_ranges  0x000008a8       0x50 src/ASF/sam/utils/syscalls/gcc/syscalls.o
 .debug_ranges  0x000008f8       0x90 src/main.o

.debug_macro    0x00000000     0x5490
 .debug_macro   0x00000000      0x522 src/ASF/common/services/clock/sam4s/sysclk.o
 .debug_macro   0x00000522       0x28 src/ASF/common/services/clock/sam4s/sysclk.o
 .debug_macro   0x0000054a      0x288 src/ASF/common/services/clock/sam4s/sysclk.o
 .debug_macro   0x000007d2      0xa49 src/ASF/common/services/clock/sam4s/sysclk.o
 .debug_macro   0x0000121b       0x58 src/ASF/common/services/clock/sam4s/sysclk.o
 .debug_macro   0x00001273       0x64 src/ASF/common/services/clock/sam4s/sysclk.o
 .debug_macro   0x000012d7       0x46 src/ASF/common/services/clock/sam4s/sysclk.o
 .debug_macro   0x0000131d       0x90 src/ASF/common/services/clock/sam4s/sysclk.o
 .debug_macro   0x000013ad      0x4a8 src/ASF/common/utils/stdio/read.o
 .debug_macro   0x00001855      0x4a8 src/ASF/common/utils/stdio/write.o
 .debug_macro   0x00001cfd      0x561 src/ASF/sam/boards/sam4s_ek2/init.o
 .debug_macro   0x0000225e       0x58 src/ASF/sam/boards/sam4s_ek2/init.o
 .debug_macro   0x000022b6       0x94 src/ASF/sam/boards/sam4s_ek2/init.o
 .debug_macro   0x0000234a       0x40 src/ASF/sam/boards/sam4s_ek2/init.o
 .debug_macro   0x0000238a       0x82 src/ASF/sam/boards/sam4s_ek2/init.o
 .debug_macro   0x0000240c      0x4bd src/ASF/sam/drivers/pio/pio.o
 .debug_macro   0x000028c9       0x8e src/ASF/sam/drivers/pio/pio.o
 .debug_macro   0x00002957      0x4c7 src/ASF/sam/drivers/pio/pio_handler.o
 .debug_macro   0x00002e1e      0x4bd src/ASF/sam/drivers/pmc/pmc.o
 .debug_macro   0x000032db       0x52 src/ASF/sam/drivers/pmc/pmc.o
 .debug_macro   0x0000332d      0x4be src/ASF/sam/drivers/tc/tc.o
 .debug_macro   0x000037eb       0x16 src/ASF/sam/drivers/tc/tc.o
 .debug_macro   0x00003801       0x4a src/ASF/sam/drivers/tc/tc.o
 .debug_macro   0x0000384b       0x1c src/ASF/sam/drivers/tc/tc.o
 .debug_macro   0x00003867      0x4b7 src/ASF/sam/drivers/uart/uart.o
 .debug_macro   0x00003d1e       0x16 src/ASF/sam/drivers/uart/uart.o
 .debug_macro   0x00003d34      0x4ed src/ASF/sam/drivers/usart/usart.o
 .debug_macro   0x00004221       0x28 src/ASF/sam/drivers/usart/usart.o
 .debug_macro   0x00004249      0x316 src/ASF/sam/utils/cmsis/sam4s/source/templates/gcc/startup_sam4s.o
 .debug_macro   0x0000455f      0x31e src/ASF/sam/utils/cmsis/sam4s/source/templates/system_sam4s.o
 .debug_macro   0x0000487d      0x169 src/ASF/sam/utils/syscalls/gcc/syscalls.o
 .debug_macro   0x000049e6       0x97 src/ASF/sam/utils/syscalls/gcc/syscalls.o
 .debug_macro   0x00004a7d       0xef src/ASF/sam/utils/syscalls/gcc/syscalls.o
 .debug_macro   0x00004b6c       0x52 src/ASF/sam/utils/syscalls/gcc/syscalls.o
 .debug_macro   0x00004bbe       0x16 src/ASF/sam/utils/syscalls/gcc/syscalls.o
 .debug_macro   0x00004bd4       0x10 src/ASF/sam/utils/syscalls/gcc/syscalls.o
 .debug_macro   0x00004be4       0x10 src/ASF/sam/utils/syscalls/gcc/syscalls.o
 .debug_macro   0x00004bf4       0x10 src/ASF/sam/utils/syscalls/gcc/syscalls.o
 .debug_macro   0x00004c04       0x35 src/ASF/sam/utils/syscalls/gcc/syscalls.o
 .debug_macro   0x00004c39      0x122 src/ASF/sam/utils/syscalls/gcc/syscalls.o
 .debug_macro   0x00004d5b      0x652 src/main.o
 .debug_macro   0x000053ad       0x28 src/main.o
 .debug_macro   0x000053d5       0x23 src/main.o
 .debug_macro   0x000053f8       0x88 src/main.o
 .debug_macro   0x00005480       0x10 src/main.o

.debug_line     0x00000000     0xa1e8
 .debug_line    0x00000000      0xc48 src/ASF/common/services/clock/sam4s/sysclk.o
 .debug_line    0x00000c48      0xa17 src/ASF/common/utils/stdio/read.o
 .debug_line    0x0000165f      0xa14 src/ASF/common/utils/stdio/write.o
 .debug_line    0x00002073      0xc22 src/ASF/sam/boards/sam4s_ek2/init.o
 .debug_line    0x00002c95      0xe22 src/ASF/sam/drivers/pio/pio.o
 .debug_line    0x00003ab7      0xb16 src/ASF/sam/drivers/pio/pio_handler.o
 .debug_line    0x000045cd     0x1009 src/ASF/sam/drivers/pmc/pmc.o
 .debug_line    0x000055d6      0xbbb src/ASF/sam/drivers/tc/tc.o
 .debug_line    0x00006191      0xbde src/ASF/sam/drivers/uart/uart.o
 .debug_line    0x00006d6f      0xfe8 src/ASF/sam/drivers/usart/usart.o
 .debug_line    0x00007d57      0x874 src/ASF/sam/utils/cmsis/sam4s/source/templates/gcc/startup_sam4s.o
 .debug_line    0x000085cb      0x89b src/ASF/sam/utils/cmsis/sam4s/source/templates/system_sam4s.o
 .debug_line    0x00008e66      0x38a src/ASF/sam/utils/syscalls/gcc/syscalls.o
 .debug_line    0x000091f0      0xff8 src/main.o

.debug_str      0x00000000    0x52aaf
 .debug_str     0x00000000    0x4e4e3 src/ASF/common/services/clock/sam4s/sysclk.o
                              0x4e861 (size before relaxing)
 .debug_str     0x0004e4e3       0x3f src/ASF/common/utils/stdio/read.o
                              0x49bfe (size before relaxing)
 .debug_str     0x0004e522       0x2e src/ASF/common/utils/stdio/write.o
                              0x49c00 (size before relaxing)
 .debug_str     0x0004e550      0xcc4 src/ASF/sam/boards/sam4s_ek2/init.o
                              0x4f298 (size before relaxing)
 .debug_str     0x0004f214      0x5d2 src/ASF/sam/drivers/pio/pio.o
                              0x4a813 (size before relaxing)
 .debug_str     0x0004f7e6      0x402 src/ASF/sam/drivers/pio/pio_handler.o
                              0x4a68e (size before relaxing)
 .debug_str     0x0004fbe8      0x6df src/ASF/sam/drivers/pmc/pmc.o
                              0x4a662 (size before relaxing)
 .debug_str     0x000502c7      0x35f src/ASF/sam/drivers/tc/tc.o
                              0x49f5e (size before relaxing)
 .debug_str     0x00050626      0x343 src/ASF/sam/drivers/uart/uart.o
                              0x49fb2 (size before relaxing)
 .debug_str     0x00050969      0x958 src/ASF/sam/drivers/usart/usart.o
                              0x4a5f8 (size before relaxing)
 .debug_str     0x000512c1      0x40e src/ASF/sam/utils/cmsis/sam4s/source/templates/gcc/startup_sam4s.o
                              0x3b46e (size before relaxing)
 .debug_str     0x000516cf       0xf1 src/ASF/sam/utils/cmsis/sam4s/source/templates/system_sam4s.o
                              0x3b237 (size before relaxing)
 .debug_str     0x000517c0      0x852 src/ASF/sam/utils/syscalls/gcc/syscalls.o
                               0x6102 (size before relaxing)
 .debug_str     0x00052012      0xa9d src/main.o
                              0x5044f (size before relaxing)

.debug_frame    0x00000000     0x39d8
 .debug_frame   0x00000000      0x200 src/ASF/common/services/clock/sam4s/sysclk.o
 .debug_frame   0x00000200       0x34 src/ASF/common/utils/stdio/read.o
 .debug_frame   0x00000234       0x34 src/ASF/common/utils/stdio/write.o
 .debug_frame   0x00000268       0x6c src/ASF/sam/boards/sam4s_ek2/init.o
 .debug_frame   0x000002d4      0x7c0 src/ASF/sam/drivers/pio/pio.o
 .debug_frame   0x00000a94      0x1c0 src/ASF/sam/drivers/pio/pio_handler.o
 .debug_frame   0x00000c54      0x918 src/ASF/sam/drivers/pmc/pmc.o
 .debug_frame   0x0000156c      0x3a8 src/ASF/sam/drivers/tc/tc.o
 .debug_frame   0x00001914      0x420 src/ASF/sam/drivers/uart/uart.o
 .debug_frame   0x00001d34      0xa7c src/ASF/sam/drivers/usart/usart.o
 .debug_frame   0x000027b0       0x48 src/ASF/sam/utils/cmsis/sam4s/source/templates/gcc/startup_sam4s.o
 .debug_frame   0x000027f8       0x78 src/ASF/sam/utils/cmsis/sam4s/source/templates/system_sam4s.o
 .debug_frame   0x00002870      0x168 src/ASF/sam/utils/syscalls/gcc/syscalls.o
 .debug_frame   0x000029d8      0x254 src/main.o
 .debug_frame   0x00002c2c       0x30 c:/program files/atmel/studio/7.0/toolchain/arm/arm-gnu-toolchain/bin/../lib/gcc/arm-none-eabi/4.9.3/../../../../arm-none-eabi/lib/armv7e-m\libc.a(lib_a-atoi.o)
 .debug_frame   0x00002c5c       0x2c c:/program files/atmel/studio/7.0/toolchain/arm/arm-gnu-toolchain/bin/../lib/gcc/arm-none-eabi/4.9.3/../../../../arm-none-eabi/lib/armv7e-m\libc.a(lib_a-init.o)
 .debug_frame   0x00002c88       0x74 c:/program files/atmel/studio/7.0/toolchain/arm/arm-gnu-toolchain/bin/../lib/gcc/arm-none-eabi/4.9.3/../../../../arm-none-eabi/lib/armv7e-m\libc.a(lib_a-iprintf.o)
 .debug_frame   0x00002cfc       0x34 c:/program files/atmel/studio/7.0/toolchain/arm/arm-gnu-toolchain/bin/../lib/gcc/arm-none-eabi/4.9.3/../../../../arm-none-eabi/lib/armv7e-m\libc.a(lib_a-memset.o)
 .debug_frame   0x00002d30       0x44 c:/program files/atmel/studio/7.0/toolchain/arm/arm-gnu-toolchain/bin/../lib/gcc/arm-none-eabi/4.9.3/../../../../arm-none-eabi/lib/armv7e-m\libc.a(lib_a-puts.o)
 .debug_frame   0x00002d74       0x20 c:/program files/atmel/studio/7.0/toolchain/arm/arm-gnu-toolchain/bin/../lib/gcc/arm-none-eabi/4.9.3/../../../../arm-none-eabi/lib/armv7e-m\libc.a(lib_a-setbuf.o)
 .debug_frame   0x00002d94       0x30 c:/program files/atmel/studio/7.0/toolchain/arm/arm-gnu-toolchain/bin/../lib/gcc/arm-none-eabi/4.9.3/../../../../arm-none-eabi/lib/armv7e-m\libc.a(lib_a-setvbuf.o)
 .debug_frame   0x00002dc4       0x20 c:/program files/atmel/studio/7.0/toolchain/arm/arm-gnu-toolchain/bin/../lib/gcc/arm-none-eabi/4.9.3/../../../../arm-none-eabi/lib/armv7e-m\libc.a(lib_a-strlen.o)
 .debug_frame   0x00002de4       0x54 c:/program files/atmel/studio/7.0/toolchain/arm/arm-gnu-toolchain/bin/../lib/gcc/arm-none-eabi/4.9.3/../../../../arm-none-eabi/lib/armv7e-m\libc.a(lib_a-strtol.o)
 .debug_frame   0x00002e38       0xd8 c:/program files/atmel/studio/7.0/toolchain/arm/arm-gnu-toolchain/bin/../lib/gcc/arm-none-eabi/4.9.3/../../../../arm-none-eabi/lib/armv7e-m\libc.a(lib_a-vfiprintf.o)
 .debug_frame   0x00002f10       0x2c c:/program files/atmel/studio/7.0/toolchain/arm/arm-gnu-toolchain/bin/../lib/gcc/arm-none-eabi/4.9.3/../../../../arm-none-eabi/lib/armv7e-m\libc.a(lib_a-wsetup.o)
 .debug_frame   0x00002f3c       0x50 c:/program files/atmel/studio/7.0/toolchain/arm/arm-gnu-toolchain/bin/../lib/gcc/arm-none-eabi/4.9.3/../../../../arm-none-eabi/lib/armv7e-m\libc.a(lib_a-__call_atexit.o)
 .debug_frame   0x00002f8c       0x20 c:/program files/atmel/studio/7.0/toolchain/arm/arm-gnu-toolchain/bin/../lib/gcc/arm-none-eabi/4.9.3/../../../../arm-none-eabi/lib/armv7e-m\libc.a(lib_a-atexit.o)
 .debug_frame   0x00002fac       0x6c c:/program files/atmel/studio/7.0/toolchain/arm/arm-gnu-toolchain/bin/../lib/gcc/arm-none-eabi/4.9.3/../../../../arm-none-eabi/lib/armv7e-m\libc.a(lib_a-fflush.o)
 .debug_frame   0x00003018      0x124 c:/program files/atmel/studio/7.0/toolchain/arm/arm-gnu-toolchain/bin/../lib/gcc/arm-none-eabi/4.9.3/../../../../arm-none-eabi/lib/armv7e-m\libc.a(lib_a-findfp.o)
 .debug_frame   0x0000313c       0x34 c:/program files/atmel/studio/7.0/toolchain/arm/arm-gnu-toolchain/bin/../lib/gcc/arm-none-eabi/4.9.3/../../../../arm-none-eabi/lib/armv7e-m\libc.a(lib_a-fini.o)
 .debug_frame   0x00003170       0x84 c:/program files/atmel/studio/7.0/toolchain/arm/arm-gnu-toolchain/bin/../lib/gcc/arm-none-eabi/4.9.3/../../../../arm-none-eabi/lib/armv7e-m\libc.a(lib_a-fputwc.o)
 .debug_frame   0x000031f4       0x74 c:/program files/atmel/studio/7.0/toolchain/arm/arm-gnu-toolchain/bin/../lib/gcc/arm-none-eabi/4.9.3/../../../../arm-none-eabi/lib/armv7e-m\libc.a(lib_a-freer.o)
 .debug_frame   0x00003268       0x68 c:/program files/atmel/studio/7.0/toolchain/arm/arm-gnu-toolchain/bin/../lib/gcc/arm-none-eabi/4.9.3/../../../../arm-none-eabi/lib/armv7e-m\libc.a(lib_a-fvwrite.o)
 .debug_frame   0x000032d0       0x54 c:/program files/atmel/studio/7.0/toolchain/arm/arm-gnu-toolchain/bin/../lib/gcc/arm-none-eabi/4.9.3/../../../../arm-none-eabi/lib/armv7e-m\libc.a(lib_a-fwalk.o)
 .debug_frame   0x00003324       0x9c c:/program files/atmel/studio/7.0/toolchain/arm/arm-gnu-toolchain/bin/../lib/gcc/arm-none-eabi/4.9.3/../../../../arm-none-eabi/lib/armv7e-m\libc.a(lib_a-locale.o)
 .debug_frame   0x000033c0       0x48 c:/program files/atmel/studio/7.0/toolchain/arm/arm-gnu-toolchain/bin/../lib/gcc/arm-none-eabi/4.9.3/../../../../arm-none-eabi/lib/armv7e-m\libc.a(lib_a-makebuf.o)
 .debug_frame   0x00003408       0x30 c:/program files/atmel/studio/7.0/toolchain/arm/arm-gnu-toolchain/bin/../lib/gcc/arm-none-eabi/4.9.3/../../../../arm-none-eabi/lib/armv7e-m\libc.a(lib_a-malloc.o)
 .debug_frame   0x00003438       0x58 c:/program files/atmel/studio/7.0/toolchain/arm/arm-gnu-toolchain/bin/../lib/gcc/arm-none-eabi/4.9.3/../../../../arm-none-eabi/lib/armv7e-m\libc.a(lib_a-mallocr.o)
 .debug_frame   0x00003490       0x3c c:/program files/atmel/studio/7.0/toolchain/arm/arm-gnu-toolchain/bin/../lib/gcc/arm-none-eabi/4.9.3/../../../../arm-none-eabi/lib/armv7e-m\libc.a(lib_a-memchr.o)
 .debug_frame   0x000034cc       0x30 c:/program files/atmel/studio/7.0/toolchain/arm/arm-gnu-toolchain/bin/../lib/gcc/arm-none-eabi/4.9.3/../../../../arm-none-eabi/lib/armv7e-m\libc.a(lib_a-memmove.o)
 .debug_frame   0x000034fc       0x30 c:/program files/atmel/studio/7.0/toolchain/arm/arm-gnu-toolchain/bin/../lib/gcc/arm-none-eabi/4.9.3/../../../../arm-none-eabi/lib/armv7e-m\libc.a(lib_a-mlock.o)
 .debug_frame   0x0000352c       0x60 c:/program files/atmel/studio/7.0/toolchain/arm/arm-gnu-toolchain/bin/../lib/gcc/arm-none-eabi/4.9.3/../../../../arm-none-eabi/lib/armv7e-m\libc.a(lib_a-reallocr.o)
 .debug_frame   0x0000358c       0x2c c:/program files/atmel/studio/7.0/toolchain/arm/arm-gnu-toolchain/bin/../lib/gcc/arm-none-eabi/4.9.3/../../../../arm-none-eabi/lib/armv7e-m\libc.a(lib_a-sbrkr.o)
 .debug_frame   0x000035b8       0x88 c:/program files/atmel/studio/7.0/toolchain/arm/arm-gnu-toolchain/bin/../lib/gcc/arm-none-eabi/4.9.3/../../../../arm-none-eabi/lib/armv7e-m\libc.a(lib_a-stdio.o)
 .debug_frame   0x00003640       0x3c c:/program files/atmel/studio/7.0/toolchain/arm/arm-gnu-toolchain/bin/../lib/gcc/arm-none-eabi/4.9.3/../../../../arm-none-eabi/lib/armv7e-m\libc.a(lib_a-wbuf.o)
 .debug_frame   0x0000367c       0x60 c:/program files/atmel/studio/7.0/toolchain/arm/arm-gnu-toolchain/bin/../lib/gcc/arm-none-eabi/4.9.3/../../../../arm-none-eabi/lib/armv7e-m\libc.a(lib_a-wcrtomb.o)
 .debug_frame   0x000036dc       0x48 c:/program files/atmel/studio/7.0/toolchain/arm/arm-gnu-toolchain/bin/../lib/gcc/arm-none-eabi/4.9.3/../../../../arm-none-eabi/lib/armv7e-m\libc.a(lib_a-wctomb_r.o)
 .debug_frame   0x00003724       0x2c c:/program files/atmel/studio/7.0/toolchain/arm/arm-gnu-toolchain/bin/../lib/gcc/arm-none-eabi/4.9.3/../../../../arm-none-eabi/lib/armv7e-m\libc.a(lib_a-writer.o)
 .debug_frame   0x00003750       0x34 c:/program files/atmel/studio/7.0/toolchain/arm/arm-gnu-toolchain/bin/../lib/gcc/arm-none-eabi/4.9.3/../../../../arm-none-eabi/lib/armv7e-m\libc.a(lib_a-__atexit.o)
 .debug_frame   0x00003784       0x2c c:/program files/atmel/studio/7.0/toolchain/arm/arm-gnu-toolchain/bin/../lib/gcc/arm-none-eabi/4.9.3/../../../../arm-none-eabi/lib/armv7e-m\libc.a(lib_a-closer.o)
 .debug_frame   0x000037b0       0x44 c:/program files/atmel/studio/7.0/toolchain/arm/arm-gnu-toolchain/bin/../lib/gcc/arm-none-eabi/4.9.3/../../../../arm-none-eabi/lib/armv7e-m\libc.a(lib_a-fclose.o)
 .debug_frame   0x000037f4       0x2c c:/program files/atmel/studio/7.0/toolchain/arm/arm-gnu-toolchain/bin/../lib/gcc/arm-none-eabi/4.9.3/../../../../arm-none-eabi/lib/armv7e-m\libc.a(lib_a-fstatr.o)
 .debug_frame   0x00003820       0x2c c:/program files/atmel/studio/7.0/toolchain/arm/arm-gnu-toolchain/bin/../lib/gcc/arm-none-eabi/4.9.3/../../../../arm-none-eabi/lib/armv7e-m\libc.a(lib_a-isattyr.o)
 .debug_frame   0x0000384c       0x2c c:/program files/atmel/studio/7.0/toolchain/arm/arm-gnu-toolchain/bin/../lib/gcc/arm-none-eabi/4.9.3/../../../../arm-none-eabi/lib/armv7e-m\libc.a(lib_a-lseekr.o)
 .debug_frame   0x00003878       0x2c c:/program files/atmel/studio/7.0/toolchain/arm/arm-gnu-toolchain/bin/../lib/gcc/arm-none-eabi/4.9.3/../../../../arm-none-eabi/lib/armv7e-m\libc.a(lib_a-readr.o)
 .debug_frame   0x000038a4       0x58 c:/program files/atmel/studio/7.0/toolchain/arm/arm-gnu-toolchain/bin/../lib/gcc/arm-none-eabi/4.9.3/../../../../arm-none-eabi/lib/armv7e-m\libc.a(lib_a-reent.o)
 .debug_frame   0x000038fc       0x28 c:/program files/atmel/studio/7.0/toolchain/arm/arm-gnu-toolchain/bin/../lib/gcc/arm-none-eabi/4.9.3/armv7e-m\libgcc.a(_aeabi_uldivmod.o)
 .debug_frame   0x00003924       0x50 c:/program files/atmel/studio/7.0/toolchain/arm/arm-gnu-toolchain/bin/../lib/gcc/arm-none-eabi/4.9.3/armv7e-m\libgcc.a(bpabi.o)
 .debug_frame   0x00003974       0x34 c:/program files/atmel/studio/7.0/toolchain/arm/arm-gnu-toolchain/bin/../lib/gcc/arm-none-eabi/4.9.3/armv7e-m\libgcc.a(_divdi3.o)
 .debug_frame   0x000039a8       0x30 c:/program files/atmel/studio/7.0/toolchain/arm/arm-gnu-toolchain/bin/../lib/gcc/arm-none-eabi/4.9.3/armv7e-m\libgcc.a(_udivdi3.o)

Cross Reference Table

Symbol                                            File
ACC_Handler                                       src/ASF/sam/utils/cmsis/sam4s/source/templates/gcc/startup_sam4s.o
ADC_Handler                                       src/ASF/sam/utils/cmsis/sam4s/source/templates/gcc/startup_sam4s.o
BusFault_Handler                                  src/ASF/sam/utils/cmsis/sam4s/source/templates/gcc/startup_sam4s.o
CRCCU_Handler                                     src/ASF/sam/utils/cmsis/sam4s/source/templates/gcc/startup_sam4s.o
DACC_Handler                                      src/ASF/sam/utils/cmsis/sam4s/source/templates/gcc/startup_sam4s.o
DebugMon_Handler                                  src/ASF/sam/utils/cmsis/sam4s/source/templates/gcc/startup_sam4s.o
Dummy_Handler                                     src/ASF/sam/utils/cmsis/sam4s/source/templates/gcc/startup_sam4s.o
EFC0_Handler                                      src/ASF/sam/utils/cmsis/sam4s/source/templates/gcc/startup_sam4s.o
EFC1_Handler                                      src/ASF/sam/utils/cmsis/sam4s/source/templates/gcc/startup_sam4s.o
HSMCI_Handler                                     src/ASF/sam/utils/cmsis/sam4s/source/templates/gcc/startup_sam4s.o
HardFault_Handler                                 src/ASF/sam/utils/cmsis/sam4s/source/templates/gcc/startup_sam4s.o
LED_Off                                           src/ASF/sam/boards/sam4s_ek2/led.o
LED_On                                            src/ASF/sam/boards/sam4s_ek2/led.o
MemManage_Handler                                 src/ASF/sam/utils/cmsis/sam4s/source/templates/gcc/startup_sam4s.o
NMI_Handler                                       src/ASF/sam/utils/cmsis/sam4s/source/templates/gcc/startup_sam4s.o
PIOA_Handler                                      src/ASF/sam/drivers/pio/pio_handler.o
PIOB_Handler                                      src/ASF/sam/drivers/pio/pio_handler.o
PIOC_Handler                                      src/ASF/sam/drivers/pio/pio_handler.o
PMC_Handler                                       src/ASF/sam/utils/cmsis/sam4s/source/templates/gcc/startup_sam4s.o
PWM_Handler                                       src/ASF/sam/utils/cmsis/sam4s/source/templates/gcc/startup_sam4s.o
PendSV_Handler                                    src/ASF/sam/utils/cmsis/sam4s/source/templates/gcc/startup_sam4s.o
RSTC_Handler                                      src/ASF/sam/utils/cmsis/sam4s/source/templates/gcc/startup_sam4s.o
RTC_Handler                                       src/ASF/sam/utils/cmsis/sam4s/source/templates/gcc/startup_sam4s.o
RTT_Handler                                       src/ASF/sam/utils/cmsis/sam4s/source/templates/gcc/startup_sam4s.o
Reset_Handler                                     src/ASF/sam/utils/cmsis/sam4s/source/templates/gcc/startup_sam4s.o
SPI_Handler                                       src/ASF/sam/utils/cmsis/sam4s/source/templates/gcc/startup_sam4s.o
SSC_Handler                                       src/ASF/sam/utils/cmsis/sam4s/source/templates/gcc/startup_sam4s.o
SUPC_Handler                                      src/ASF/sam/utils/cmsis/sam4s/source/templates/gcc/startup_sam4s.o
SVC_Handler                                       src/ASF/sam/utils/cmsis/sam4s/source/templates/gcc/startup_sam4s.o
SysTick_Handler                                   src/ASF/sam/utils/cmsis/sam4s/source/templates/gcc/startup_sam4s.o
SystemCoreClock                                   src/ASF/sam/utils/cmsis/sam4s/source/templates/system_sam4s.o
SystemCoreClockUpdate                             src/ASF/sam/utils/cmsis/sam4s/source/templates/system_sam4s.o
                                                  src/ASF/common/services/clock/sam4s/sysclk.o
SystemInit                                        src/ASF/sam/utils/cmsis/sam4s/source/templates/system_sam4s.o
TC0_Handler                                       src/main.o
                                                  src/ASF/sam/utils/cmsis/sam4s/source/templates/gcc/startup_sam4s.o
TC1_Handler                                       src/ASF/sam/utils/cmsis/sam4s/source/templates/gcc/startup_sam4s.o
TC2_Handler                                       src/ASF/sam/utils/cmsis/sam4s/source/templates/gcc/startup_sam4s.o
TC3_Handler                                       src/ASF/sam/utils/cmsis/sam4s/source/templates/gcc/startup_sam4s.o
TC4_Handler                                       src/ASF/sam/utils/cmsis/sam4s/source/templates/gcc/startup_sam4s.o
TC5_Handler                                       src/ASF/sam/utils/cmsis/sam4s/source/templates/gcc/startup_sam4s.o
TWI0_Handler                                      src/ASF/sam/utils/cmsis/sam4s/source/templates/gcc/startup_sam4s.o
TWI1_Handler                                      src/ASF/sam/utils/cmsis/sam4s/source/templates/gcc/startup_sam4s.o
ToGetPeriod                                       src/main.o
UART0_Handler                                     src/main.o
                                                  src/ASF/sam/utils/cmsis/sam4s/source/templates/gcc/startup_sam4s.o
UART1_Handler                                     src/ASF/sam/utils/cmsis/sam4s/source/templates/gcc/startup_sam4s.o
UDP_Handler                                       src/ASF/sam/utils/cmsis/sam4s/source/templates/gcc/startup_sam4s.o
USART0_Handler                                    src/ASF/sam/utils/cmsis/sam4s/source/templates/gcc/startup_sam4s.o
USART1_Handler                                    src/ASF/sam/utils/cmsis/sam4s/source/templates/gcc/startup_sam4s.o
UsageFault_Handler                                src/ASF/sam/utils/cmsis/sam4s/source/templates/gcc/startup_sam4s.o
WDT_Handler                                       src/ASF/sam/utils/cmsis/sam4s/source/templates/gcc/startup_sam4s.o
_Jv_RegisterClasses                               c:/program files/atmel/studio/7.0/toolchain/arm/arm-gnu-toolchain/bin/../lib/gcc/arm-none-eabi/4.9.3/armv7e-m/crtbegin.o
_PathLocale                                       c:/program files/atmel/studio/7.0/toolchain/arm/arm-gnu-toolchain/bin/../lib/gcc/arm-none-eabi/4.9.3/../../../../arm-none-eabi/lib/armv7e-m\libc.a(lib_a-locale.o)
__aeabi_idiv0                                     c:/program files/atmel/studio/7.0/toolchain/arm/arm-gnu-toolchain/bin/../lib/gcc/arm-none-eabi/4.9.3/armv7e-m\libgcc.a(_dvmd_tls.o)
__aeabi_ldiv0                                     c:/program files/atmel/studio/7.0/toolchain/arm/arm-gnu-toolchain/bin/../lib/gcc/arm-none-eabi/4.9.3/armv7e-m\libgcc.a(_dvmd_tls.o)
                                                  c:/program files/atmel/studio/7.0/toolchain/arm/arm-gnu-toolchain/bin/../lib/gcc/arm-none-eabi/4.9.3/armv7e-m\libgcc.a(_aeabi_uldivmod.o)
__aeabi_uldivmod                                  c:/program files/atmel/studio/7.0/toolchain/arm/arm-gnu-toolchain/bin/../lib/gcc/arm-none-eabi/4.9.3/armv7e-m\libgcc.a(_aeabi_uldivmod.o)
                                                  c:/program files/atmel/studio/7.0/toolchain/arm/arm-gnu-toolchain/bin/../lib/gcc/arm-none-eabi/4.9.3/../../../../arm-none-eabi/lib/armv7e-m\libc.a(lib_a-vfiprintf.o)
__ascii_wctomb                                    c:/program files/atmel/studio/7.0/toolchain/arm/arm-gnu-toolchain/bin/../lib/gcc/arm-none-eabi/4.9.3/../../../../arm-none-eabi/lib/armv7e-m\libc.a(lib_a-wctomb_r.o)
__bss_end__                                       c:/program files/atmel/studio/7.0/toolchain/arm/arm-gnu-toolchain/bin/../lib/gcc/arm-none-eabi/4.9.3/../../../../arm-none-eabi/lib/armv7e-m/crt0.o
__bss_start__                                     c:/program files/atmel/studio/7.0/toolchain/arm/arm-gnu-toolchain/bin/../lib/gcc/arm-none-eabi/4.9.3/../../../../arm-none-eabi/lib/armv7e-m/crt0.o
__call_exitprocs                                  c:/program files/atmel/studio/7.0/toolchain/arm/arm-gnu-toolchain/bin/../lib/gcc/arm-none-eabi/4.9.3/../../../../arm-none-eabi/lib/armv7e-m\libc.a(lib_a-__call_atexit.o)
                                                  c:/program files/atmel/studio/7.0/toolchain/arm/arm-gnu-toolchain/bin/../lib/gcc/arm-none-eabi/4.9.3/../../../../arm-none-eabi/lib/armv7e-m\libc.a(lib_a-exit.o)
__ctype_ptr__                                     c:/program files/atmel/studio/7.0/toolchain/arm/arm-gnu-toolchain/bin/../lib/gcc/arm-none-eabi/4.9.3/../../../../arm-none-eabi/lib/armv7e-m\libc.a(lib_a-ctype_.o)
                                                  c:/program files/atmel/studio/7.0/toolchain/arm/arm-gnu-toolchain/bin/../lib/gcc/arm-none-eabi/4.9.3/../../../../arm-none-eabi/lib/armv7e-m\libc.a(lib_a-strtol.o)
__deregister_frame_info                           c:/program files/atmel/studio/7.0/toolchain/arm/arm-gnu-toolchain/bin/../lib/gcc/arm-none-eabi/4.9.3/armv7e-m/crtbegin.o
__divdi3                                          c:/program files/atmel/studio/7.0/toolchain/arm/arm-gnu-toolchain/bin/../lib/gcc/arm-none-eabi/4.9.3/armv7e-m\libgcc.a(_divdi3.o)
                                                  c:/program files/atmel/studio/7.0/toolchain/arm/arm-gnu-toolchain/bin/../lib/gcc/arm-none-eabi/4.9.3/armv7e-m\libgcc.a(bpabi.o)
__dso_handle                                      c:/program files/atmel/studio/7.0/toolchain/arm/arm-gnu-toolchain/bin/../lib/gcc/arm-none-eabi/4.9.3/armv7e-m/crtbegin.o
__fini_array_end                                  c:/program files/atmel/studio/7.0/toolchain/arm/arm-gnu-toolchain/bin/../lib/gcc/arm-none-eabi/4.9.3/../../../../arm-none-eabi/lib/armv7e-m\libc.a(lib_a-fini.o)
__fini_array_start                                c:/program files/atmel/studio/7.0/toolchain/arm/arm-gnu-toolchain/bin/../lib/gcc/arm-none-eabi/4.9.3/../../../../arm-none-eabi/lib/armv7e-m\libc.a(lib_a-fini.o)
__fp_lock_all                                     c:/program files/atmel/studio/7.0/toolchain/arm/arm-gnu-toolchain/bin/../lib/gcc/arm-none-eabi/4.9.3/../../../../arm-none-eabi/lib/armv7e-m\libc.a(lib_a-findfp.o)
__fp_unlock_all                                   c:/program files/atmel/studio/7.0/toolchain/arm/arm-gnu-toolchain/bin/../lib/gcc/arm-none-eabi/4.9.3/../../../../arm-none-eabi/lib/armv7e-m\libc.a(lib_a-findfp.o)
__fputwc                                          c:/program files/atmel/studio/7.0/toolchain/arm/arm-gnu-toolchain/bin/../lib/gcc/arm-none-eabi/4.9.3/../../../../arm-none-eabi/lib/armv7e-m\libc.a(lib_a-fputwc.o)
__gnu_ldivmod_helper                              c:/program files/atmel/studio/7.0/toolchain/arm/arm-gnu-toolchain/bin/../lib/gcc/arm-none-eabi/4.9.3/armv7e-m\libgcc.a(bpabi.o)
__gnu_uldivmod_helper                             c:/program files/atmel/studio/7.0/toolchain/arm/arm-gnu-toolchain/bin/../lib/gcc/arm-none-eabi/4.9.3/armv7e-m\libgcc.a(bpabi.o)